
> myTradingBox@0.1.5 build
> npm run set-version && ng build


> myTradingBox@0.1.5 set-version
> node ./set-version.js

­ƒöä Updating version numbers...

Ô£à package.json: 0.1.5 ÔåÆ 0.1.6
Ô£à src/assets/version.json: 0.1.5 ÔåÆ 0.1.6

Ô£¿ Version bumped to 0.1.6
­ƒÆí This ensures PWA cache busting on Android devices
[33mÔØ»[39m Building...
[32mÔ£ö[39m Building...
[1mInitial chunk files[22m             [2m | [22m[1mNames[22m               [2m | [22m [1mRaw size[22m
[32mmain.js[39m                         [2m | [22m[2mmain[22m                [2m | [22m  [36m1.43 MB[39m[2m | [22m
[32mchunk-IJSHCC4N.js[39m               [2m | [22m[2m-[22m                   [2m | [22m  [36m1.05 MB[39m[2m | [22m
[32mpolyfills.js[39m                    [2m | [22m[2mpolyfills[22m           [2m | [22m  [36m1.00 MB[39m[2m | [22m
[32mchunk-UF5Y35RT.js[39m               [2m | [22m[2m-[22m                   [2m | [22m[36m498.57 kB[39m[2m | [22m
[32mchunk-MHWYMDNX.js[39m               [2m | [22m[2m-[22m                   [2m | [22m[36m151.97 kB[39m[2m | [22m
[32mchunk-EI4ZUM3W.js[39m               [2m | [22m[2m-[22m                   [2m | [22m [36m58.05 kB[39m[2m | [22m
[32mstyles.css[39m                      [2m | [22m[2mstyles[22m              [2m | [22m [36m25.09 kB[39m[2m | [22m
[32mchunk-3IMN3RUE.js[39m               [2m | [22m[2m-[22m                   [2m | [22m  [36m7.62 kB[39m[2m | [22m
[32mchunk-UYOG7KUS.js[39m               [2m | [22m[2m-[22m                   [2m | [22m  [36m4.47 kB[39m[2m | [22m
[32mchunk-7ECBUGAW.js[39m               [2m | [22m[2m-[22m                   [2m | [22m  [36m1.18 kB[39m[2m | [22m

[1m [22m                               [2m | [22m[1mInitial total[22m       [2m | [22m  [1m4.23 MB[22m

[1mLazy chunk files[22m                [2m | [22m[1mNames[22m               [2m | [22m [1mRaw size[22m
[32mbrowser-6FOMLDBJ.js[39m             [2m | [22m[2mbrowser[22m             [2m | [22m[36m147.30 kB[39m[2m | [22m
[32mwatchlist-UJ76JBNA.js[39m           [2m | [22m[2mwatchlist[22m           [2m | [22m [36m42.72 kB[39m[2m | [22m
[32madd-symbol.component-BLKSCSSY.js[39m[2m | [22m[2madd-symbol-component[22m[2m | [22m [36m14.74 kB[39m[2m | [22m
[32morders-53LHCB76.js[39m              [2m | [22m[2morders[22m              [2m | [22m [36m12.94 kB[39m[2m | [22m
[32mchunk-PVNVUFNH.js[39m               [2m | [22m[2m-[22m                   [2m | [22m [36m11.43 kB[39m[2m | [22m
[32mchunk-SOTBEDNS.js[39m               [2m | [22m[2m-[22m                   [2m | [22m  [36m2.16 kB[39m[2m | [22m
[32mchunk-2B5JCZZM.js[39m               [2m | [22m[2m-[22m                   [2m | [22m  [36m2.10 kB[39m[2m | [22m
[32mcoin-info-CJUUBV5D.js[39m           [2m | [22m[2mcoin-info[22m           [2m | [22m[36m228 bytes[39m[2m | [22m

Application bundle generation complete. [2.380 seconds] - 2026-03-23T07:29:45.462Z

Output location: C:\repos\MyTradingBox\dist\MyTradingBox

