[33mÔØ»[39m Building...
[32mÔ£ö[39m Building...
[1mInitial chunk files[22m  [2m | [22m[1mNames[22m               [2m | [22m [1mRaw size[22m[2m | [22m[1mEstimated transfer size[22m
[32mmain-G2CM7FEO.js[39m     [2m | [22m[2mmain[22m                [2m | [22m[36m645.32 kB[39m[2m | [22m              [36m168.47 kB[39m
[32mchunk-7TM4URER.js[39m    [2m | [22m[2m-[22m                   [2m | [22m[36m150.80 kB[39m[2m | [22m               [36m44.57 kB[39m
[32mchunk-MQ5G454I.js[39m    [2m | [22m[2m-[22m                   [2m | [22m[36m132.19 kB[39m[2m | [22m               [36m33.74 kB[39m
[32mchunk-ICBHVNNX.js[39m    [2m | [22m[2m-[22m                   [2m | [22m [36m43.73 kB[39m[2m | [22m                [36m9.11 kB[39m
[32mpolyfills-6ISPNSXF.js[39m[2m | [22m[2mpolyfills[22m           [2m | [22m [36m35.68 kB[39m[2m | [22m               [36m11.57 kB[39m
[32mchunk-VAYRBQBJ.js[39m    [2m | [22m[2m-[22m                   [2m | [22m [36m22.34 kB[39m[2m | [22m                [36m6.25 kB[39m
[32mstyles-YQBBOSOL.css[39m  [2m | [22m[2mstyles[22m              [2m | [22m [36m19.12 kB[39m[2m | [22m                [36m3.63 kB[39m
[32mchunk-MLMGL4QO.js[39m    [2m | [22m[2m-[22m                   [2m | [22m  [36m3.91 kB[39m[2m | [22m                [36m1.03 kB[39m
[32mchunk-UKQ7652P.js[39m    [2m | [22m[2m-[22m                   [2m | [22m  [36m3.28 kB[39m[2m | [22m              [36m935 bytes[39m

[1m [22m                    [2m | [22m[1mInitial total[22m       [2m | [22m  [1m1.06 MB[22m[2m | [22m              [1m279.29 kB[22m

[1mLazy chunk files[22m     [2m | [22m[1mNames[22m               [2m | [22m [1mRaw size[22m[2m | [22m[1mEstimated transfer size[22m
[32mchunk-KTU45X6Z.js[39m    [2m | [22m[2mbrowser[22m             [2m | [22m [36m64.21 kB[39m[2m | [22m               [36m17.20 kB[39m
[32mchunk-MQYT46HZ.js[39m    [2m | [22m[2mwatchlist[22m           [2m | [22m [36m25.16 kB[39m[2m | [22m                [36m6.38 kB[39m
[32mchunk-IALOY6PF.js[39m    [2m | [22m[2madd-symbol-component[22m[2m | [22m [36m12.17 kB[39m[2m | [22m                [36m3.42 kB[39m
[32mchunk-7ZKG5MWC.js[39m    [2m | [22m[2morders[22m              [2m | [22m [36m11.31 kB[39m[2m | [22m                [36m3.23 kB[39m
[32mchunk-MZ6R6PVM.js[39m    [2m | [22m[2m-[22m                   [2m | [22m  [36m9.36 kB[39m[2m | [22m                [36m2.83 kB[39m
[32mchunk-WLDSI2BS.js[39m    [2m | [22m[2m-[22m                   [2m | [22m  [36m1.16 kB[39m[2m | [22m              [36m560 bytes[39m
[32mchunk-MV7YOXFX.js[39m    [2m | [22m[2m-[22m                   [2m | [22m[36m914 bytes[39m[2m | [22m              [36m914 bytes[39m
[32mchunk-AG65EA7R.js[39m    [2m | [22m[2mcoin-info[22m           [2m | [22m[36m151 bytes[39m[2m | [22m              [36m151 bytes[39m

Application bundle generation complete. [8.014 seconds] - 2026-03-15T15:36:01.515Z

node.exe : [1m[33m[33mÔû▓ [43;33m[[43;30mWARNING[43;33m][0m [1mModule '
deepmerge' used by 'node_modules/ngrx-store-localstorage/fesm2022/ngrx-store-lo
calstorage.mjs' is not ESM[0m
At C:\Program Files\nodejs\npx.ps1:29 char:3
+   & $NODE_EXE $NPX_CLI_JS $args
+   ~~~~~~~~~~~~~~~~~~~~~~~~~~~~~
    + CategoryInfo          : NotSpecified: ([1m[33m[33mÔ... is not ESM[0m 
   :String) [], RemoteException
    + FullyQualifiedErrorId : NativeCommandError
 

  CommonJS or AMD dependencies can cause optimization bailouts.
  For more information see: [4mhttps://angular.dev/tools/cli/build#configuring
-commonjs-dependencies[0m


[33mÔû▓ [43;33m[[43;30mWARNING[43;33m][0m [1mModule 'hammerjs' used by 'n
ode_modules/chartjs-plugin-zoom/dist/chartjs-plugin-zoom.esm.js' is not ESM[0m

  CommonJS or AMD dependencies can cause optimization bailouts.
  For more information see: [4mhttps://angular.dev/tools/cli/build#configuring
-commonjs-dependencies[0m

[39m[22m
Output location: C:\Users\Erwin\MyTradingBox\dist\MyTradingBox

