
> myTradingBox@0.1.0 test
> ng test --watch=false --browsers=ChromeHeadless

[33mÔØ»[39m Building...
[32mÔ£ö[39m Building...
[1mInitial chunk files[22m                                         [2m | [22m[1mNames[22m                                                    [2m | [22m [1mRaw size[22m
[32mchunk-HUQDDJWP.js[39m                                           [2m | [22m[2m-[22m                                                        [2m | [22m  [36m2.20 MB[39m[2m | [22m
[32mpolyfills.js[39m                                                [2m | [22m[2mpolyfills[22m                                                [2m | [22m  [36m1.00 MB[39m[2m | [22m
[32mspec-app-components-chart-chart-component.spec.js[39m           [2m | [22m[2mspec-app-components-chart-chart-component.spec[22m           [2m | [22m[36m972.80 kB[39m[2m | [22m
[32mchunk-Z3IYNG7Y.js[39m                                           [2m | [22m[2m-[22m                                                        [2m | [22m[36m242.51 kB[39m[2m | [22m
[32mspec-app-components-login-login.component.spec.js[39m           [2m | [22m[2mspec-app-components-login-login.component.spec[22m           [2m | [22m[36m237.11 kB[39m[2m | [22m
[32mchunk-MQL2SVKY.js[39m                                           [2m | [22m[2m-[22m                                                        [2m | [22m[36m220.98 kB[39m[2m | [22m
[32mchunk-TPWD3FKZ.js[39m                                           [2m | [22m[2m-[22m                                                        [2m | [22m[36m172.58 kB[39m[2m | [22m
[32mspec-app-components-watchlist-watchlist.spec.js[39m             [2m | [22m[2mspec-app-components-watchlist-watchlist.spec[22m             [2m | [22m[36m133.07 kB[39m[2m | [22m
[32mchunk-LV2G3M5I.js[39m                                           [2m | [22m[2m-[22m                                                        [2m | [22m [36m84.38 kB[39m[2m | [22m
[32mjasmine-cleanup-1.js[39m                                        [2m | [22m[2mjasmine-cleanup-1[22m                                        [2m | [22m [36m71.41 kB[39m[2m | [22m
[32mspec-app-components-settings-settings.component.spec.js[39m     [2m | [22m[2mspec-app-components-settings-settings.component.spec[22m     [2m | [22m [36m69.03 kB[39m[2m | [22m
[32mchunk-MRVBKGNM.js[39m                                           [2m | [22m[2m-[22m                                                        [2m | [22m [36m46.50 kB[39m[2m | [22m
[32mspec-app-components-orders-orders.spec.js[39m                   [2m | [22m[2mspec-app-components-orders-orders.spec[22m                   [2m | [22m [36m34.43 kB[39m[2m | [22m
[32mstyles.css[39m                                                  [2m | [22m[2mstyles[22m                                                   [2m | [22m [36m25.00 kB[39m[2m | [22m
[32mtest_main.js[39m                                                [2m | [22m[2mtest_main[22m                                                [2m | [22m [36m22.19 kB[39m[2m | [22m
[32mspec-app-components-footer-footer-compenent.spec.js[39m         [2m | [22m[2mspec-app-components-footer-footer-compenent.spec[22m         [2m | [22m [36m17.01 kB[39m[2m | [22m
[32mchunk-JKV2C5ZF.js[39m                                           [2m | [22m[2m-[22m                                                        [2m | [22m [36m12.27 kB[39m[2m | [22m
[32mspec-app-components-admin-admin.component.spec.js[39m           [2m | [22m[2mspec-app-components-admin-admin.component.spec[22m           [2m | [22m [36m12.08 kB[39m[2m | [22m
[32mspec-app-components-onboarding-onboarding.component.spec.js[39m [2m | [22m[2mspec-app-components-onboarding-onboarding.component.spec[22m [2m | [22m [36m12.07 kB[39m[2m | [22m
[32mchunk-2WJCXUYJ.js[39m                                           [2m | [22m[2m-[22m                                                        [2m | [22m [36m10.99 kB[39m[2m | [22m
[32mchunk-KD2YQCV6.js[39m                                           [2m | [22m[2m-[22m                                                        [2m | [22m  [36m7.18 kB[39m[2m | [22m
[32mchunk-4TB2GENI.js[39m                                           [2m | [22m[2m-[22m                                                        [2m | [22m  [36m6.71 kB[39m[2m | [22m
[32mchunk-RHM5TJSQ.js[39m                                           [2m | [22m[2m-[22m                                                        [2m | [22m  [36m6.19 kB[39m[2m | [22m
[32mchunk-LXAXQBMS.js[39m                                           [2m | [22m[2m-[22m                                                        [2m | [22m  [36m5.77 kB[39m[2m | [22m
[32mchunk-X74FUQSS.js[39m                                           [2m | [22m[2m-[22m                                                        [2m | [22m  [36m4.57 kB[39m[2m | [22m
[32mchunk-I7WQLBCX.js[39m                                           [2m | [22m[2m-[22m                                                        [2m | [22m  [36m3.00 kB[39m[2m | [22m
[32mspec-app-modules-shared-utils-token-expiry.util.spec.js[39m     [2m | [22m[2mspec-app-modules-shared-utils-token-expiry.util.spec[22m     [2m | [22m  [36m2.67 kB[39m[2m | [22m
[32mchunk-NLQI66VN.js[39m                                           [2m | [22m[2m-[22m                                                        [2m | [22m  [36m2.53 kB[39m[2m | [22m
[32mchunk-42YHJVMW.js[39m                                           [2m | [22m[2m-[22m                                                        [2m | [22m  [36m2.44 kB[39m[2m | [22m
[32mchunk-S7ENLCQO.js[39m                                           [2m | [22m[2m-[22m                                                        [2m | [22m  [36m1.56 kB[39m[2m | [22m
[32mspec-app-components-admin-services-logs.service.spec.js[39m     [2m | [22m[2mspec-app-components-admin-services-logs.service.spec[22m     [2m | [22m  [36m1.02 kB[39m[2m | [22m
[32mspec-app-components-admin-services-heartbeat.service.spec.js[39m[2m | [22m[2mspec-app-components-admin-services-heartbeat.service.spec[22m[2m | [22m[36m913 bytes[39m[2m | [22m
[32mchunk-TDMNSE4H.js[39m                                           [2m | [22m[2m-[22m                                                        [2m | [22m[36m595 bytes[39m[2m | [22m
[32mjasmine-cleanup-0.js[39m                                        [2m | [22m[2mjasmine-cleanup-0[22m                                        [2m | [22m[36m519 bytes[39m[2m | [22m
[32mchunk-F2XYCIZH.js[39m                                           [2m | [22m[2m-[22m                                                        [2m | [22m[36m405 bytes[39m[2m | [22m

[1m [22m                                                           [2m | [22m[1mInitial total[22m                                            [2m | [22m  [1m5.64 MB[22m

Application bundle generation complete. [3.399 seconds] - 2026-03-01T12:52:52.954Z

[32m01 03 2026 13:52:53.097:INFO [karma-server]: [39mKarma v6.4.4 server started at http://localhost:9876/
[32m01 03 2026 13:52:53.098:INFO [launcher]: [39mLaunching browsers ChromeHeadless with concurrency unlimited
[32m01 03 2026 13:52:53.105:INFO [launcher]: [39mStarting browser ChromeHeadless
[32m01 03 2026 13:52:53.683:INFO [Chrome Headless 145.0.0.0 (Windows 10)]: [39mConnected on socket 4r7pc6Ilb1bRmGbvAAAB with id 15034113
Chrome Headless 145.0.0.0 (Windows 10): Executed 0 of 209[32m SUCCESS[39m (0 secs / 0 secs)
[1A[2KLOG: [36m'DATA: ', Object{Orders: []}[39m
Chrome Headless 145.0.0.0 (Windows 10): Executed 0 of 209[32m SUCCESS[39m (0 secs / 0 secs)
LOG: 'DATA: ', Object{Orders: []}
[1A[2KLOG: [36m'Orders fetched:', [][39m
Chrome Headless 145.0.0.0 (Windows 10): Executed 0 of 209[32m SUCCESS[39m (0 secs / 0 secs)
LOG: 'Orders fetched:', []
[1A[2KLOG: [36m'Order with ID 1 deleted.'[39m
Chrome Headless 145.0.0.0 (Windows 10): Executed 0 of 209[32m SUCCESS[39m (0 secs / 0 secs)
LOG: 'Order with ID 1 deleted.'
[1A[2KLOG: [36m'DATA: ', Object{Orders: []}[39m
Chrome Headless 145.0.0.0 (Windows 10): Executed 0 of 209[32m SUCCESS[39m (0 secs / 0 secs)
LOG: 'DATA: ', Object{Orders: []}
[1A[2KLOG: [36m'Orders fetched:', [][39m
Chrome Headless 145.0.0.0 (Windows 10): Executed 0 of 209[32m SUCCESS[39m (0 secs / 0 secs)
LOG: 'Orders fetched:', []
[1A[2KLOG: [36m'Order with ID 1 deleted.'[39m
Chrome Headless 145.0.0.0 (Windows 10): Executed 0 of 209[32m SUCCESS[39m (0 secs / 0 secs)
LOG: 'Order with ID 1 deleted.'
[1A[2KLOG: [36m'Order with ID 2 deleted.'[39m
Chrome Headless 145.0.0.0 (Windows 10): Executed 0 of 209[32m SUCCESS[39m (0 secs / 0 secs)
LOG: 'Order with ID 2 deleted.'
[1A[2KLOG: [36m'DATA: ', Object{Orders: []}[39m
Chrome Headless 145.0.0.0 (Windows 10): Executed 0 of 209[32m SUCCESS[39m (0 secs / 0 secs)
LOG: 'DATA: ', Object{Orders: []}
[1A[2KLOG: [36m'Orders fetched:', [][39m
Chrome Headless 145.0.0.0 (Windows 10): Executed 0 of 209[32m SUCCESS[39m (0 secs / 0 secs)
LOG: 'Orders fetched:', []
[1A[2KLOG: [36m'DATA: ', Object{Orders: []}[39m
Chrome Headless 145.0.0.0 (Windows 10): Executed 0 of 209[32m SUCCESS[39m (0 secs / 0 secs)
LOG: 'DATA: ', Object{Orders: []}
[1A[2KLOG: [36m'Orders fetched:', [][39m
Chrome Headless 145.0.0.0 (Windows 10): Executed 0 of 209[32m SUCCESS[39m (0 secs / 0 secs)
LOG: 'Orders fetched:', []
[1A[2KLOG: [36m'Orders refreshed:', [][39m
Chrome Headless 145.0.0.0 (Windows 10): Executed 0 of 209[32m SUCCESS[39m (0 secs / 0 secs)
LOG: 'Orders refreshed:', []
[1A[2KLOG: [36m'Orders refreshed'[39m
Chrome Headless 145.0.0.0 (Windows 10): Executed 0 of 209[32m SUCCESS[39m (0 secs / 0 secs)
LOG: 'Orders refreshed'
[1A[2KLOG: [36m'DATA: ', Object{Orders: []}[39m
Chrome Headless 145.0.0.0 (Windows 10): Executed 0 of 209[32m SUCCESS[39m (0 secs / 0 secs)
LOG: 'DATA: ', Object{Orders: []}
[1A[2KLOG: [36m'Orders fetched:', [][39m
Chrome Headless 145.0.0.0 (Windows 10): Executed 0 of 209[32m SUCCESS[39m (0 secs / 0 secs)
LOG: 'Orders fetched:', []
[1A[2KLOG: [36m'DATA: ', Object{Orders: []}[39m
Chrome Headless 145.0.0.0 (Windows 10): Executed 0 of 209[32m SUCCESS[39m (0 secs / 0 secs)
LOG: 'DATA: ', Object{Orders: []}
[1A[2KLOG: [36m'Orders fetched:', [][39m
Chrome Headless 145.0.0.0 (Windows 10): Executed 0 of 209[32m SUCCESS[39m (0 secs / 0 secs)
LOG: 'Orders fetched:', []
[1A[2KLOG: [36m'DATA: ', Object{Orders: [], TotalCount: 0}[39m
Chrome Headless 145.0.0.0 (Windows 10): Executed 0 of 209[32m SUCCESS[39m (0 secs / 0 secs)
LOG: 'DATA: ', Object{Orders: [], TotalCount: 0}
[1A[2KLOG: [36m'Orders fetched:', [][39m
Chrome Headless 145.0.0.0 (Windows 10): Executed 0 of 209[32m SUCCESS[39m (0 secs / 0 secs)
LOG: 'Orders fetched:', []
[1A[2KLOG: [36m'DATA: ', Object{Orders: []}[39m
Chrome Headless 145.0.0.0 (Windows 10): Executed 0 of 209[32m SUCCESS[39m (0 secs / 0 secs)
LOG: 'DATA: ', Object{Orders: []}
[1A[2KLOG: [36m'Orders fetched:', [][39m
Chrome Headless 145.0.0.0 (Windows 10): Executed 0 of 209[32m SUCCESS[39m (0 secs / 0 secs)
LOG: 'Orders fetched:', []
[1A[2KLOG: [36m'DATA: ', Object{Orders: []}[39m
Chrome Headless 145.0.0.0 (Windows 10): Executed 0 of 209[32m SUCCESS[39m (0 secs / 0 secs)
LOG: 'DATA: ', Object{Orders: []}
[1A[2KLOG: [36m'Orders fetched:', [][39m
Chrome Headless 145.0.0.0 (Windows 10): Executed 0 of 209[32m SUCCESS[39m (0 secs / 0 secs)
LOG: 'Orders fetched:', []
[1A[2KChrome Headless 145.0.0.0 (Windows 10): Executed 1 of 209[32m SUCCESS[39m (0 secs / 0.064 secs)
[1A[2KChrome Headless 145.0.0.0 (Windows 10): Executed 2 of 209[32m SUCCESS[39m (0 secs / 0.07 secs)
[1A[2KChrome Headless 145.0.0.0 (Windows 10): Executed 3 of 209[32m SUCCESS[39m (0 secs / 0.075 secs)
[1A[2KChrome Headless 145.0.0.0 (Windows 10): Executed 4 of 209[32m SUCCESS[39m (0 secs / 0.079 secs)
[1A[2KChrome Headless 145.0.0.0 (Windows 10): Executed 5 of 209[32m SUCCESS[39m (0 secs / 0.084 secs)
[1A[2KChrome Headless 145.0.0.0 (Windows 10): Executed 6 of 209[32m SUCCESS[39m (0 secs / 0.088 secs)
[1A[2KChrome Headless 145.0.0.0 (Windows 10): Executed 7 of 209[32m SUCCESS[39m (0 secs / 0.091 secs)
[1A[2KChrome Headless 145.0.0.0 (Windows 10): Executed 8 of 209[32m SUCCESS[39m (0 secs / 0.1 secs)
[1A[2KLOG: [36m'DATA: ', Object{Orders: []}[39m
Chrome Headless 145.0.0.0 (Windows 10): Executed 8 of 209[32m SUCCESS[39m (0 secs / 0.1 secs)
LOG: 'DATA: ', Object{Orders: []}
[1A[2KLOG: [36m'Orders fetched:', [][39m
Chrome Headless 145.0.0.0 (Windows 10): Executed 8 of 209[32m SUCCESS[39m (0 secs / 0.1 secs)
LOG: 'Orders fetched:', []
[1A[2KLOG: [36m'Order with ID 999 deleted.'[39m
Chrome Headless 145.0.0.0 (Windows 10): Executed 8 of 209[32m SUCCESS[39m (0 secs / 0.1 secs)
LOG: 'Order with ID 999 deleted.'
[1A[2KChrome Headless 145.0.0.0 (Windows 10): Executed 9 of 209[32m SUCCESS[39m (0 secs / 0.106 secs)
[1A[2KLOG: [36m'DATA: ', Object{Orders: []}[39m
Chrome Headless 145.0.0.0 (Windows 10): Executed 9 of 209[32m SUCCESS[39m (0 secs / 0.106 secs)
LOG: 'DATA: ', Object{Orders: []}
[1A[2KLOG: [36m'Orders fetched:', [][39m
Chrome Headless 145.0.0.0 (Windows 10): Executed 9 of 209[32m SUCCESS[39m (0 secs / 0.106 secs)
LOG: 'Orders fetched:', []
[1A[2KChrome Headless 145.0.0.0 (Windows 10): Executed 10 of 209[32m SUCCESS[39m (0 secs / 0.111 secs)
[1A[2KLOG: [36m'DATA: ', Object{Orders: []}[39m
Chrome Headless 145.0.0.0 (Windows 10): Executed 10 of 209[32m SUCCESS[39m (0 secs / 0.111 secs)
LOG: 'DATA: ', Object{Orders: []}
[1A[2KLOG: [36m'Orders fetched:', [][39m
Chrome Headless 145.0.0.0 (Windows 10): Executed 10 of 209[32m SUCCESS[39m (0 secs / 0.111 secs)
LOG: 'Orders fetched:', []
[1A[2KLOG: [36m'Orders refreshed:', [Object{Id: 1, Status: 'NEW'}][39m
Chrome Headless 145.0.0.0 (Windows 10): Executed 10 of 209[32m SUCCESS[39m (0 secs / 0.111 secs)
LOG: 'Orders refreshed:', [Object{Id: 1, Status: 'NEW'}]
[1A[2KLOG: [36m'Orders refreshed'[39m
Chrome Headless 145.0.0.0 (Windows 10): Executed 10 of 209[32m SUCCESS[39m (0 secs / 0.111 secs)
LOG: 'Orders refreshed'
[1A[2KChrome Headless 145.0.0.0 (Windows 10): Executed 11 of 209[32m SUCCESS[39m (0 secs / 0.115 secs)
[1A[2KLOG: [36m'DATA: ', Object{Orders: []}[39m
Chrome Headless 145.0.0.0 (Windows 10): Executed 11 of 209[32m SUCCESS[39m (0 secs / 0.115 secs)
LOG: 'DATA: ', Object{Orders: []}
[1A[2KLOG: [36m'Orders fetched:', [][39m
Chrome Headless 145.0.0.0 (Windows 10): Executed 11 of 209[32m SUCCESS[39m (0 secs / 0.115 secs)
LOG: 'Orders fetched:', []
[1A[2KLOG: [36m'Orders refreshed:', [][39m
Chrome Headless 145.0.0.0 (Windows 10): Executed 11 of 209[32m SUCCESS[39m (0 secs / 0.115 secs)
LOG: 'Orders refreshed:', []
[1A[2KLOG: [36m'Orders refreshed'[39m
Chrome Headless 145.0.0.0 (Windows 10): Executed 11 of 209[32m SUCCESS[39m (0 secs / 0.115 secs)
LOG: 'Orders refreshed'
[1A[2KChrome Headless 145.0.0.0 (Windows 10): Executed 12 of 209[32m SUCCESS[39m (0 secs / 0.119 secs)
[1A[2KLOG: [36m'DATA: ', Object{Orders: []}[39m
Chrome Headless 145.0.0.0 (Windows 10): Executed 12 of 209[32m SUCCESS[39m (0 secs / 0.119 secs)
LOG: 'DATA: ', Object{Orders: []}
[1A[2KLOG: [36m'Orders fetched:', [][39m
Chrome Headless 145.0.0.0 (Windows 10): Executed 12 of 209[32m SUCCESS[39m (0 secs / 0.119 secs)
LOG: 'Orders fetched:', []
[1A[2KChrome Headless 145.0.0.0 (Windows 10): Executed 13 of 209[32m SUCCESS[39m (0 secs / 0.122 secs)
[1A[2KLOG: [36m'DATA: ', Object{Orders: []}[39m
Chrome Headless 145.0.0.0 (Windows 10): Executed 13 of 209[32m SUCCESS[39m (0 secs / 0.122 secs)
LOG: 'DATA: ', Object{Orders: []}
[1A[2KLOG: [36m'Orders fetched:', [][39m
Chrome Headless 145.0.0.0 (Windows 10): Executed 13 of 209[32m SUCCESS[39m (0 secs / 0.122 secs)
LOG: 'Orders fetched:', []
[1A[2KLOG: [36m'Orders refreshed:', [][39m
Chrome Headless 145.0.0.0 (Windows 10): Executed 13 of 209[32m SUCCESS[39m (0 secs / 0.122 secs)
LOG: 'Orders refreshed:', []
[1A[2KLOG: [36m'Orders refreshed'[39m
Chrome Headless 145.0.0.0 (Windows 10): Executed 13 of 209[32m SUCCESS[39m (0 secs / 0.122 secs)
LOG: 'Orders refreshed'
[1A[2KChrome Headless 145.0.0.0 (Windows 10): Executed 14 of 209[32m SUCCESS[39m (0 secs / 0.126 secs)
[1A[2KLOG: [36m'DATA: ', Object{Orders: []}[39m
Chrome Headless 145.0.0.0 (Windows 10): Executed 14 of 209[32m SUCCESS[39m (0 secs / 0.126 secs)
LOG: 'DATA: ', Object{Orders: []}
[1A[2KLOG: [36m'Orders fetched:', [][39m
Chrome Headless 145.0.0.0 (Windows 10): Executed 14 of 209[32m SUCCESS[39m (0 secs / 0.126 secs)
LOG: 'Orders fetched:', []
[1A[2KChrome Headless 145.0.0.0 (Windows 10): Executed 15 of 209[32m SUCCESS[39m (0 secs / 0.128 secs)
[1A[2KLOG: [36m'DATA: ', Object{Orders: []}[39m
Chrome Headless 145.0.0.0 (Windows 10): Executed 15 of 209[32m SUCCESS[39m (0 secs / 0.128 secs)
LOG: 'DATA: ', Object{Orders: []}
[1A[2KLOG: [36m'Orders fetched:', [][39m
Chrome Headless 145.0.0.0 (Windows 10): Executed 15 of 209[32m SUCCESS[39m (0 secs / 0.128 secs)
LOG: 'Orders fetched:', []
[1A[2KChrome Headless 145.0.0.0 (Windows 10): Executed 16 of 209[32m SUCCESS[39m (0 secs / 0.131 secs)
[1A[2KLOG: [36m'DATA: ', Object{Orders: []}[39m
Chrome Headless 145.0.0.0 (Windows 10): Executed 16 of 209[32m SUCCESS[39m (0 secs / 0.131 secs)
LOG: 'DATA: ', Object{Orders: []}
[1A[2KLOG: [36m'Orders fetched:', [][39m
Chrome Headless 145.0.0.0 (Windows 10): Executed 16 of 209[32m SUCCESS[39m (0 secs / 0.131 secs)
LOG: 'Orders fetched:', []
[1A[2KChrome Headless 145.0.0.0 (Windows 10): Executed 17 of 209[32m SUCCESS[39m (0 secs / 0.135 secs)
[1A[2KLOG: [36m'DATA: ', Object{Orders: []}[39m
Chrome Headless 145.0.0.0 (Windows 10): Executed 17 of 209[32m SUCCESS[39m (0 secs / 0.135 secs)
LOG: 'DATA: ', Object{Orders: []}
[1A[2KLOG: [36m'Orders fetched:', [][39m
Chrome Headless 145.0.0.0 (Windows 10): Executed 17 of 209[32m SUCCESS[39m (0 secs / 0.135 secs)
LOG: 'Orders fetched:', []
[1A[2KChrome Headless 145.0.0.0 (Windows 10): Executed 18 of 209[32m SUCCESS[39m (0 secs / 0.138 secs)
[1A[2KLOG: [36m'DATA: ', Object{Orders: []}[39m
Chrome Headless 145.0.0.0 (Windows 10): Executed 18 of 209[32m SUCCESS[39m (0 secs / 0.138 secs)
LOG: 'DATA: ', Object{Orders: []}
[1A[2KLOG: [36m'Orders fetched:', [][39m
Chrome Headless 145.0.0.0 (Windows 10): Executed 18 of 209[32m SUCCESS[39m (0 secs / 0.138 secs)
LOG: 'Orders fetched:', []
[1A[2KLOG: [36m'DATA: ', Object{Orders: [Object{Id: ..., Status: ...}]}[39m
Chrome Headless 145.0.0.0 (Windows 10): Executed 18 of 209[32m SUCCESS[39m (0 secs / 0.138 secs)
LOG: 'DATA: ', Object{Orders: [Object{Id: ..., Status: ...}]}
[1A[2KLOG: [36m'Orders fetched:', [Object{Id: 1, Status: 'NEW'}][39m
Chrome Headless 145.0.0.0 (Windows 10): Executed 18 of 209[32m SUCCESS[39m (0 secs / 0.138 secs)
LOG: 'Orders fetched:', [Object{Id: 1, Status: 'NEW'}]
[1A[2KChrome Headless 145.0.0.0 (Windows 10): Executed 19 of 209[32m SUCCESS[39m (0 secs / 0.141 secs)
[1A[2KLOG: [36m'DATA: ', Object{Orders: []}[39m
Chrome Headless 145.0.0.0 (Windows 10): Executed 19 of 209[32m SUCCESS[39m (0 secs / 0.141 secs)
LOG: 'DATA: ', Object{Orders: []}
[1A[2KLOG: [36m'Orders fetched:', [][39m
Chrome Headless 145.0.0.0 (Windows 10): Executed 19 of 209[32m SUCCESS[39m (0 secs / 0.141 secs)
LOG: 'Orders fetched:', []
[1A[2KChrome Headless 145.0.0.0 (Windows 10): Executed 20 of 209[32m SUCCESS[39m (0 secs / 0.144 secs)
[1A[2KLOG: [36m'DATA: ', Object{Orders: []}[39m
Chrome Headless 145.0.0.0 (Windows 10): Executed 20 of 209[32m SUCCESS[39m (0 secs / 0.144 secs)
LOG: 'DATA: ', Object{Orders: []}
[1A[2KLOG: [36m'Orders fetched:', [][39m
Chrome Headless 145.0.0.0 (Windows 10): Executed 20 of 209[32m SUCCESS[39m (0 secs / 0.144 secs)
LOG: 'Orders fetched:', []
[1A[2KLOG: [36m'Order with ID 1 deleted.'[39m
Chrome Headless 145.0.0.0 (Windows 10): Executed 20 of 209[32m SUCCESS[39m (0 secs / 0.144 secs)
LOG: 'Order with ID 1 deleted.'
[1A[2KChrome Headless 145.0.0.0 (Windows 10): Executed 21 of 209[32m SUCCESS[39m (0 secs / 0.147 secs)
[1A[2KLOG: [36m'DATA: ', Object{Orders: []}[39m
Chrome Headless 145.0.0.0 (Windows 10): Executed 21 of 209[32m SUCCESS[39m (0 secs / 0.147 secs)
LOG: 'DATA: ', Object{Orders: []}
[1A[2KLOG: [36m'Orders fetched:', [][39m
Chrome Headless 145.0.0.0 (Windows 10): Executed 21 of 209[32m SUCCESS[39m (0 secs / 0.147 secs)
LOG: 'Orders fetched:', []
[1A[2KChrome Headless 145.0.0.0 (Windows 10): Executed 22 of 209[32m SUCCESS[39m (0 secs / 0.15 secs)
[1A[2KLOG: [36m'DATA: ', Object{Orders: []}[39m
Chrome Headless 145.0.0.0 (Windows 10): Executed 22 of 209[32m SUCCESS[39m (0 secs / 0.15 secs)
LOG: 'DATA: ', Object{Orders: []}
[1A[2KLOG: [36m'Orders fetched:', [][39m
Chrome Headless 145.0.0.0 (Windows 10): Executed 22 of 209[32m SUCCESS[39m (0 secs / 0.15 secs)
LOG: 'Orders fetched:', []
[1A[2KLOG: [36m'Orders refreshed:', [][39m
Chrome Headless 145.0.0.0 (Windows 10): Executed 22 of 209[32m SUCCESS[39m (0 secs / 0.15 secs)
LOG: 'Orders refreshed:', []
[1A[2KLOG: [36m'Orders refreshed'[39m
Chrome Headless 145.0.0.0 (Windows 10): Executed 22 of 209[32m SUCCESS[39m (0 secs / 0.15 secs)
LOG: 'Orders refreshed'
[1A[2KChrome Headless 145.0.0.0 (Windows 10): Executed 23 of 209[32m SUCCESS[39m (0 secs / 0.153 secs)
[1A[2KLOG: [36m'DATA: ', Object{Orders: []}[39m
Chrome Headless 145.0.0.0 (Windows 10): Executed 23 of 209[32m SUCCESS[39m (0 secs / 0.153 secs)
LOG: 'DATA: ', Object{Orders: []}
[1A[2KLOG: [36m'Orders fetched:', [][39m
Chrome Headless 145.0.0.0 (Windows 10): Executed 23 of 209[32m SUCCESS[39m (0 secs / 0.153 secs)
LOG: 'Orders fetched:', []
[1A[2KLOG: [36m'Orders refreshed:', [][39m
Chrome Headless 145.0.0.0 (Windows 10): Executed 23 of 209[32m SUCCESS[39m (0 secs / 0.153 secs)
LOG: 'Orders refreshed:', []
[1A[2KLOG: [36m'Orders refreshed'[39m
Chrome Headless 145.0.0.0 (Windows 10): Executed 23 of 209[32m SUCCESS[39m (0 secs / 0.153 secs)
LOG: 'Orders refreshed'
[1A[2KChrome Headless 145.0.0.0 (Windows 10): Executed 24 of 209[32m SUCCESS[39m (0 secs / 0.156 secs)
[1A[2KLOG: [36m'DATA: ', Object{Orders: []}[39m
Chrome Headless 145.0.0.0 (Windows 10): Executed 24 of 209[32m SUCCESS[39m (0 secs / 0.156 secs)
LOG: 'DATA: ', Object{Orders: []}
[1A[2KLOG: [36m'Orders fetched:', [][39m
Chrome Headless 145.0.0.0 (Windows 10): Executed 24 of 209[32m SUCCESS[39m (0 secs / 0.156 secs)
LOG: 'Orders fetched:', []
[1A[2KChrome Headless 145.0.0.0 (Windows 10): Executed 25 of 209[32m SUCCESS[39m (0 secs / 0.158 secs)
[1A[2KLOG: [36m'DATA: ', Object{Orders: []}[39m
Chrome Headless 145.0.0.0 (Windows 10): Executed 25 of 209[32m SUCCESS[39m (0 secs / 0.158 secs)
LOG: 'DATA: ', Object{Orders: []}
[1A[2KLOG: [36m'Orders fetched:', [][39m
Chrome Headless 145.0.0.0 (Windows 10): Executed 25 of 209[32m SUCCESS[39m (0 secs / 0.158 secs)
LOG: 'Orders fetched:', []
[1A[2KChrome Headless 145.0.0.0 (Windows 10): Executed 26 of 209[32m SUCCESS[39m (0 secs / 0.161 secs)
[1A[2KLOG: [36m'DATA: ', Object{Orders: []}[39m
Chrome Headless 145.0.0.0 (Windows 10): Executed 26 of 209[32m SUCCESS[39m (0 secs / 0.161 secs)
LOG: 'DATA: ', Object{Orders: []}
[1A[2KLOG: [36m'Orders fetched:', [][39m
Chrome Headless 145.0.0.0 (Windows 10): Executed 26 of 209[32m SUCCESS[39m (0 secs / 0.161 secs)
LOG: 'Orders fetched:', []
[1A[2KLOG: [36m'Orders refreshed:', [Object{Id: 10, Status: 'NEW'}, Object{Id: 11, Status: 'DONE'}][39m
Chrome Headless 145.0.0.0 (Windows 10): Executed 26 of 209[32m SUCCESS[39m (0 secs / 0.161 secs)
LOG: 'Orders refreshed:', [Object{Id: 10, Status: 'NEW'}, Object{Id: 11, Status: 'DONE'}]
[1A[2KLOG: [36m'Orders refreshed'[39m
Chrome Headless 145.0.0.0 (Windows 10): Executed 26 of 209[32m SUCCESS[39m (0 secs / 0.161 secs)
LOG: 'Orders refreshed'
[1A[2KChrome Headless 145.0.0.0 (Windows 10): Executed 27 of 209[32m SUCCESS[39m (0 secs / 0.164 secs)
[1A[2KLOG: [36m'DATA: ', Object{Orders: []}[39m
Chrome Headless 145.0.0.0 (Windows 10): Executed 27 of 209[32m SUCCESS[39m (0 secs / 0.164 secs)
LOG: 'DATA: ', Object{Orders: []}
[1A[2KLOG: [36m'Orders fetched:', [][39m
Chrome Headless 145.0.0.0 (Windows 10): Executed 27 of 209[32m SUCCESS[39m (0 secs / 0.164 secs)
LOG: 'Orders fetched:', []
[1A[2KChrome Headless 145.0.0.0 (Windows 10): Executed 28 of 209[32m SUCCESS[39m (0 secs / 0.167 secs)
[1A[2KLOG: [36m'DATA: ', Object{Orders: []}[39m
Chrome Headless 145.0.0.0 (Windows 10): Executed 28 of 209[32m SUCCESS[39m (0 secs / 0.167 secs)
LOG: 'DATA: ', Object{Orders: []}
[1A[2KLOG: [36m'Orders fetched:', [][39m
Chrome Headless 145.0.0.0 (Windows 10): Executed 28 of 209[32m SUCCESS[39m (0 secs / 0.167 secs)
LOG: 'Orders fetched:', []
[1A[2KChrome Headless 145.0.0.0 (Windows 10): Executed 29 of 209[32m SUCCESS[39m (0 secs / 0.17 secs)
[1A[2KLOG: [36m'DATA: ', Object{Orders: []}[39m
Chrome Headless 145.0.0.0 (Windows 10): Executed 29 of 209[32m SUCCESS[39m (0 secs / 0.17 secs)
LOG: 'DATA: ', Object{Orders: []}
[1A[2KLOG: [36m'Orders fetched:', [][39m
Chrome Headless 145.0.0.0 (Windows 10): Executed 29 of 209[32m SUCCESS[39m (0 secs / 0.17 secs)
LOG: 'Orders fetched:', []
[1A[2KLOG: [36m'Orders refreshed:', [][39m
Chrome Headless 145.0.0.0 (Windows 10): Executed 29 of 209[32m SUCCESS[39m (0 secs / 0.17 secs)
LOG: 'Orders refreshed:', []
[1A[2KLOG: [36m'Orders refreshed'[39m
Chrome Headless 145.0.0.0 (Windows 10): Executed 29 of 209[32m SUCCESS[39m (0 secs / 0.17 secs)
LOG: 'Orders refreshed'
[1A[2KChrome Headless 145.0.0.0 (Windows 10): Executed 30 of 209[32m SUCCESS[39m (0 secs / 0.173 secs)
[1A[2KLOG: [36m'DATA: ', Object{Orders: []}[39m
Chrome Headless 145.0.0.0 (Windows 10): Executed 30 of 209[32m SUCCESS[39m (0 secs / 0.173 secs)
LOG: 'DATA: ', Object{Orders: []}
[1A[2KLOG: [36m'Orders fetched:', [][39m
Chrome Headless 145.0.0.0 (Windows 10): Executed 30 of 209[32m SUCCESS[39m (0 secs / 0.173 secs)
LOG: 'Orders fetched:', []
[1A[2KChrome Headless 145.0.0.0 (Windows 10): Executed 31 of 209[32m SUCCESS[39m (0 secs / 0.176 secs)
[1A[2KLOG: [36m'DATA: ', Object{Orders: []}[39m
Chrome Headless 145.0.0.0 (Windows 10): Executed 31 of 209[32m SUCCESS[39m (0 secs / 0.176 secs)
LOG: 'DATA: ', Object{Orders: []}
[1A[2KLOG: [36m'Orders fetched:', [][39m
Chrome Headless 145.0.0.0 (Windows 10): Executed 31 of 209[32m SUCCESS[39m (0 secs / 0.176 secs)
LOG: 'Orders fetched:', []
[1A[2KChrome Headless 145.0.0.0 (Windows 10): Executed 32 of 209[32m SUCCESS[39m (0 secs / 0.179 secs)
[1A[2KLOG: [36m'DATA: ', Object{Orders: []}[39m
Chrome Headless 145.0.0.0 (Windows 10): Executed 32 of 209[32m SUCCESS[39m (0 secs / 0.179 secs)
LOG: 'DATA: ', Object{Orders: []}
[1A[2KLOG: [36m'Orders fetched:', [][39m
Chrome Headless 145.0.0.0 (Windows 10): Executed 32 of 209[32m SUCCESS[39m (0 secs / 0.179 secs)
LOG: 'Orders fetched:', []
[1A[2KLOG: [36m'DATA: ', Object{Orders: []}[39m
Chrome Headless 145.0.0.0 (Windows 10): Executed 32 of 209[32m SUCCESS[39m (0 secs / 0.179 secs)
LOG: 'DATA: ', Object{Orders: []}
[1A[2KLOG: [36m'Orders fetched:', [][39m
Chrome Headless 145.0.0.0 (Windows 10): Executed 32 of 209[32m SUCCESS[39m (0 secs / 0.179 secs)
LOG: 'Orders fetched:', []
[1A[2KChrome Headless 145.0.0.0 (Windows 10): Executed 33 of 209[32m SUCCESS[39m (0 secs / 0.182 secs)
[1A[2KLOG: [36m'DATA: ', Object{Orders: []}[39m
Chrome Headless 145.0.0.0 (Windows 10): Executed 33 of 209[32m SUCCESS[39m (0 secs / 0.182 secs)
LOG: 'DATA: ', Object{Orders: []}
[1A[2KLOG: [36m'Orders fetched:', [][39m
Chrome Headless 145.0.0.0 (Windows 10): Executed 33 of 209[32m SUCCESS[39m (0 secs / 0.182 secs)
LOG: 'Orders fetched:', []
[1A[2KLOG: [36m'Order with ID 1 deleted.'[39m
Chrome Headless 145.0.0.0 (Windows 10): Executed 33 of 209[32m SUCCESS[39m (0 secs / 0.182 secs)
LOG: 'Order with ID 1 deleted.'
[1A[2KChrome Headless 145.0.0.0 (Windows 10): Executed 34 of 209[32m SUCCESS[39m (0 secs / 0.184 secs)
[1A[2KLOG: [36m'DATA: ', Object{Orders: []}[39m
Chrome Headless 145.0.0.0 (Windows 10): Executed 34 of 209[32m SUCCESS[39m (0 secs / 0.184 secs)
LOG: 'DATA: ', Object{Orders: []}
[1A[2KLOG: [36m'Orders fetched:', [][39m
Chrome Headless 145.0.0.0 (Windows 10): Executed 34 of 209[32m SUCCESS[39m (0 secs / 0.184 secs)
LOG: 'Orders fetched:', []
[1A[2KChrome Headless 145.0.0.0 (Windows 10): Executed 35 of 209[32m SUCCESS[39m (0 secs / 0.187 secs)
[1A[2KLOG: [36m'DATA: ', Object{Orders: []}[39m
Chrome Headless 145.0.0.0 (Windows 10): Executed 35 of 209[32m SUCCESS[39m (0 secs / 0.187 secs)
LOG: 'DATA: ', Object{Orders: []}
[1A[2KLOG: [36m'Orders fetched:', [][39m
Chrome Headless 145.0.0.0 (Windows 10): Executed 35 of 209[32m SUCCESS[39m (0 secs / 0.187 secs)
LOG: 'Orders fetched:', []
[1A[2KChrome Headless 145.0.0.0 (Windows 10): Executed 36 of 209[32m SUCCESS[39m (0 secs / 0.19 secs)
[1A[2KLOG: [36m'DATA: ', Object{Orders: []}[39m
Chrome Headless 145.0.0.0 (Windows 10): Executed 36 of 209[32m SUCCESS[39m (0 secs / 0.19 secs)
LOG: 'DATA: ', Object{Orders: []}
[1A[2KLOG: [36m'Orders fetched:', [][39m
Chrome Headless 145.0.0.0 (Windows 10): Executed 36 of 209[32m SUCCESS[39m (0 secs / 0.19 secs)
LOG: 'Orders fetched:', []
[1A[2KLOG: [36m'DATA: ', Object{Orders: [Object{Id: ..., Status: ...}, Object{Id: ..., Status: ...}]}[39m
Chrome Headless 145.0.0.0 (Windows 10): Executed 36 of 209[32m SUCCESS[39m (0 secs / 0.19 secs)
LOG: 'DATA: ', Object{Orders: [Object{Id: ..., Status: ...}, Object{Id: ..., Status: ...}]}
[1A[2KLOG: [36m'Orders fetched:', [Object{Id: 1, Status: 'NEW'}, Object{Id: 2, Status: 'DONE'}][39m
Chrome Headless 145.0.0.0 (Windows 10): Executed 36 of 209[32m SUCCESS[39m (0 secs / 0.19 secs)
LOG: 'Orders fetched:', [Object{Id: 1, Status: 'NEW'}, Object{Id: 2, Status: 'DONE'}]
[1A[2KChrome Headless 145.0.0.0 (Windows 10): Executed 37 of 209[32m SUCCESS[39m (0 secs / 0.194 secs)
[1A[2KLOG: [36m'DATA: ', Object{Orders: []}[39m
Chrome Headless 145.0.0.0 (Windows 10): Executed 37 of 209[32m SUCCESS[39m (0 secs / 0.194 secs)
LOG: 'DATA: ', Object{Orders: []}
[1A[2KLOG: [36m'Orders fetched:', [][39m
Chrome Headless 145.0.0.0 (Windows 10): Executed 37 of 209[32m SUCCESS[39m (0 secs / 0.194 secs)
LOG: 'Orders fetched:', []
[1A[2KChrome Headless 145.0.0.0 (Windows 10): Executed 38 of 209[32m SUCCESS[39m (0 secs / 0.197 secs)
[1A[2KLOG: [36m'DATA: ', Object{Orders: []}[39m
Chrome Headless 145.0.0.0 (Windows 10): Executed 38 of 209[32m SUCCESS[39m (0 secs / 0.197 secs)
LOG: 'DATA: ', Object{Orders: []}
[1A[2KLOG: [36m'Orders fetched:', [][39m
Chrome Headless 145.0.0.0 (Windows 10): Executed 38 of 209[32m SUCCESS[39m (0 secs / 0.197 secs)
LOG: 'Orders fetched:', []
[1A[2KChrome Headless 145.0.0.0 (Windows 10): Executed 39 of 209[32m SUCCESS[39m (0 secs / 0.2 secs)
[1A[2KLOG: [36m'DATA: ', Object{Orders: []}[39m
Chrome Headless 145.0.0.0 (Windows 10): Executed 39 of 209[32m SUCCESS[39m (0 secs / 0.2 secs)
LOG: 'DATA: ', Object{Orders: []}
[1A[2KLOG: [36m'Orders fetched:', [][39m
Chrome Headless 145.0.0.0 (Windows 10): Executed 39 of 209[32m SUCCESS[39m (0 secs / 0.2 secs)
LOG: 'Orders fetched:', []
[1A[2KLOG: [36m'Order with ID 2 deleted.'[39m
Chrome Headless 145.0.0.0 (Windows 10): Executed 39 of 209[32m SUCCESS[39m (0 secs / 0.2 secs)
LOG: 'Order with ID 2 deleted.'
[1A[2KChrome Headless 145.0.0.0 (Windows 10): Executed 40 of 209[32m SUCCESS[39m (0 secs / 0.203 secs)
[1A[2KLOG: [36m'DATA: ', Object{Orders: []}[39m
Chrome Headless 145.0.0.0 (Windows 10): Executed 40 of 209[32m SUCCESS[39m (0 secs / 0.203 secs)
LOG: 'DATA: ', Object{Orders: []}
[1A[2KLOG: [36m'Orders fetched:', [][39m
Chrome Headless 145.0.0.0 (Windows 10): Executed 40 of 209[32m SUCCESS[39m (0 secs / 0.203 secs)
LOG: 'Orders fetched:', []
[1A[2KChrome Headless 145.0.0.0 (Windows 10): Executed 41 of 209[32m SUCCESS[39m (0 secs / 0.207 secs)
[1A[2KLOG: [36m'DATA: ', Object{Orders: []}[39m
Chrome Headless 145.0.0.0 (Windows 10): Executed 41 of 209[32m SUCCESS[39m (0 secs / 0.207 secs)
LOG: 'DATA: ', Object{Orders: []}
[1A[2KLOG: [36m'Orders fetched:', [][39m
Chrome Headless 145.0.0.0 (Windows 10): Executed 41 of 209[32m SUCCESS[39m (0 secs / 0.207 secs)
LOG: 'Orders fetched:', []
[1A[2KChrome Headless 145.0.0.0 (Windows 10): Executed 42 of 209[32m SUCCESS[39m (0 secs / 0.21 secs)
[1A[2KLOG: [36m'DATA: ', Object{Orders: []}[39m
Chrome Headless 145.0.0.0 (Windows 10): Executed 42 of 209[32m SUCCESS[39m (0 secs / 0.21 secs)
LOG: 'DATA: ', Object{Orders: []}
[1A[2KLOG: [36m'Orders fetched:', [][39m
Chrome Headless 145.0.0.0 (Windows 10): Executed 42 of 209[32m SUCCESS[39m (0 secs / 0.21 secs)
LOG: 'Orders fetched:', []
[1A[2KChrome Headless 145.0.0.0 (Windows 10): Executed 43 of 209[32m SUCCESS[39m (0 secs / 0.213 secs)
[1A[2KLOG: [36m'DATA: ', Object{Orders: []}[39m
Chrome Headless 145.0.0.0 (Windows 10): Executed 43 of 209[32m SUCCESS[39m (0 secs / 0.213 secs)
LOG: 'DATA: ', Object{Orders: []}
[1A[2KLOG: [36m'Orders fetched:', [][39m
Chrome Headless 145.0.0.0 (Windows 10): Executed 43 of 209[32m SUCCESS[39m (0 secs / 0.213 secs)
LOG: 'Orders fetched:', []
[1A[2KChrome Headless 145.0.0.0 (Windows 10): Executed 44 of 209[32m SUCCESS[39m (0 secs / 0.216 secs)
[1A[2KLOG: [36m'DATA: ', Object{Orders: []}[39m
Chrome Headless 145.0.0.0 (Windows 10): Executed 44 of 209[32m SUCCESS[39m (0 secs / 0.216 secs)
LOG: 'DATA: ', Object{Orders: []}
[1A[2KLOG: [36m'Orders fetched:', [][39m
Chrome Headless 145.0.0.0 (Windows 10): Executed 44 of 209[32m SUCCESS[39m (0 secs / 0.216 secs)
LOG: 'Orders fetched:', []
[1A[2KChrome Headless 145.0.0.0 (Windows 10): Executed 45 of 209[32m SUCCESS[39m (0 secs / 0.219 secs)
[1A[2KLOG: [36m'DATA: ', Object{Orders: []}[39m
Chrome Headless 145.0.0.0 (Windows 10): Executed 45 of 209[32m SUCCESS[39m (0 secs / 0.219 secs)
LOG: 'DATA: ', Object{Orders: []}
[1A[2KLOG: [36m'Orders fetched:', [][39m
Chrome Headless 145.0.0.0 (Windows 10): Executed 45 of 209[32m SUCCESS[39m (0 secs / 0.219 secs)
LOG: 'Orders fetched:', []
[1A[2KLOG: [36m'DATA: ', Object{Orders: [Object{Id: ..., Status: ...}], TotalCount: 1}[39m
Chrome Headless 145.0.0.0 (Windows 10): Executed 45 of 209[32m SUCCESS[39m (0 secs / 0.219 secs)
LOG: 'DATA: ', Object{Orders: [Object{Id: ..., Status: ...}], TotalCount: 1}
[1A[2KLOG: [36m'Orders fetched:', [Object{Id: 1, Status: 'NEW'}][39m
Chrome Headless 145.0.0.0 (Windows 10): Executed 45 of 209[32m SUCCESS[39m (0 secs / 0.219 secs)
LOG: 'Orders fetched:', [Object{Id: 1, Status: 'NEW'}]
[1A[2KChrome Headless 145.0.0.0 (Windows 10): Executed 46 of 209[32m SUCCESS[39m (0 secs / 0.223 secs)
[1A[2KLOG: [36m'DATA: ', Object{Orders: []}[39m
Chrome Headless 145.0.0.0 (Windows 10): Executed 46 of 209[32m SUCCESS[39m (0 secs / 0.223 secs)
LOG: 'DATA: ', Object{Orders: []}
[1A[2KLOG: [36m'Orders fetched:', [][39m
Chrome Headless 145.0.0.0 (Windows 10): Executed 46 of 209[32m SUCCESS[39m (0 secs / 0.223 secs)
LOG: 'Orders fetched:', []
[1A[2KChrome Headless 145.0.0.0 (Windows 10): Executed 47 of 209[32m SUCCESS[39m (0 secs / 0.227 secs)
[1A[2KLOG: [36m'DATA: ', Object{Orders: []}[39m
Chrome Headless 145.0.0.0 (Windows 10): Executed 47 of 209[32m SUCCESS[39m (0 secs / 0.227 secs)
LOG: 'DATA: ', Object{Orders: []}
[1A[2KLOG: [36m'Orders fetched:', [][39m
Chrome Headless 145.0.0.0 (Windows 10): Executed 47 of 209[32m SUCCESS[39m (0 secs / 0.227 secs)
LOG: 'Orders fetched:', []
[1A[2KChrome Headless 145.0.0.0 (Windows 10): Executed 48 of 209[32m SUCCESS[39m (0 secs / 0.231 secs)
[1A[2KLOG: [36m'DATA: ', Object{Orders: []}[39m
Chrome Headless 145.0.0.0 (Windows 10): Executed 48 of 209[32m SUCCESS[39m (0 secs / 0.231 secs)
LOG: 'DATA: ', Object{Orders: []}
[1A[2KLOG: [36m'Orders fetched:', [][39m
Chrome Headless 145.0.0.0 (Windows 10): Executed 48 of 209[32m SUCCESS[39m (0 secs / 0.231 secs)
LOG: 'Orders fetched:', []
[1A[2KLOG: [36m'DATA: ', Object{Orders: [Object{Id: ..., Status: ...}, Object{Id: ..., Status: ...}]}[39m
Chrome Headless 145.0.0.0 (Windows 10): Executed 48 of 209[32m SUCCESS[39m (0 secs / 0.231 secs)
LOG: 'DATA: ', Object{Orders: [Object{Id: ..., Status: ...}, Object{Id: ..., Status: ...}]}
[1A[2KLOG: [36m'Orders fetched:', [Object{Id: 1, Status: 'NEW'}, Object{Id: 2, Status: 'DONE'}][39m
Chrome Headless 145.0.0.0 (Windows 10): Executed 48 of 209[32m SUCCESS[39m (0 secs / 0.231 secs)
LOG: 'Orders fetched:', [Object{Id: 1, Status: 'NEW'}, Object{Id: 2, Status: 'DONE'}]
[1A[2KChrome Headless 145.0.0.0 (Windows 10): Executed 49 of 209[32m SUCCESS[39m (0 secs / 0.235 secs)
[1A[2KLOG: [36m'DATA: ', Object{Orders: []}[39m
Chrome Headless 145.0.0.0 (Windows 10): Executed 49 of 209[32m SUCCESS[39m (0 secs / 0.235 secs)
LOG: 'DATA: ', Object{Orders: []}
[1A[2KLOG: [36m'Orders fetched:', [][39m
Chrome Headless 145.0.0.0 (Windows 10): Executed 49 of 209[32m SUCCESS[39m (0 secs / 0.235 secs)
LOG: 'Orders fetched:', []
[1A[2KLOG: [36m'DATA: ', Object{Orders: [Object{Id: ..., Status: ...}]}[39m
Chrome Headless 145.0.0.0 (Windows 10): Executed 49 of 209[32m SUCCESS[39m (0 secs / 0.235 secs)
LOG: 'DATA: ', Object{Orders: [Object{Id: ..., Status: ...}]}
[1A[2KLOG: [36m'Orders fetched:', [Object{Id: 1, Status: 'NEW'}][39m
Chrome Headless 145.0.0.0 (Windows 10): Executed 49 of 209[32m SUCCESS[39m (0 secs / 0.235 secs)
LOG: 'Orders fetched:', [Object{Id: 1, Status: 'NEW'}]
[1A[2KChrome Headless 145.0.0.0 (Windows 10): Executed 50 of 209[32m SUCCESS[39m (0 secs / 0.238 secs)
[1A[2KLOG: [36m'DATA: ', Object{Orders: []}[39m
Chrome Headless 145.0.0.0 (Windows 10): Executed 50 of 209[32m SUCCESS[39m (0 secs / 0.238 secs)
LOG: 'DATA: ', Object{Orders: []}
[1A[2KLOG: [36m'Orders fetched:', [][39m
Chrome Headless 145.0.0.0 (Windows 10): Executed 50 of 209[32m SUCCESS[39m (0 secs / 0.238 secs)
LOG: 'Orders fetched:', []
[1A[2KChrome Headless 145.0.0.0 (Windows 10): Executed 51 of 209[32m SUCCESS[39m (0 secs / 0.241 secs)
[1A[2KLOG: [36m'DATA: ', Object{Orders: []}[39m
Chrome Headless 145.0.0.0 (Windows 10): Executed 51 of 209[32m SUCCESS[39m (0 secs / 0.241 secs)
LOG: 'DATA: ', Object{Orders: []}
[1A[2KLOG: [36m'Orders fetched:', [][39m
Chrome Headless 145.0.0.0 (Windows 10): Executed 51 of 209[32m SUCCESS[39m (0 secs / 0.241 secs)
LOG: 'Orders fetched:', []
[1A[2KChrome Headless 145.0.0.0 (Windows 10): Executed 52 of 209[32m SUCCESS[39m (0 secs / 0.244 secs)
[1A[2KLOG: [36m'DATA: ', Object{Orders: []}[39m
Chrome Headless 145.0.0.0 (Windows 10): Executed 52 of 209[32m SUCCESS[39m (0 secs / 0.244 secs)
LOG: 'DATA: ', Object{Orders: []}
[1A[2KLOG: [36m'Orders fetched:', [][39m
Chrome Headless 145.0.0.0 (Windows 10): Executed 52 of 209[32m SUCCESS[39m (0 secs / 0.244 secs)
LOG: 'Orders fetched:', []
[1A[2KLOG: [36m'DATA: ', Object{Orders: [Object{Id: ..., Status: ...}, Object{Id: ..., Status: ...}]}[39m
Chrome Headless 145.0.0.0 (Windows 10): Executed 52 of 209[32m SUCCESS[39m (0 secs / 0.244 secs)
LOG: 'DATA: ', Object{Orders: [Object{Id: ..., Status: ...}, Object{Id: ..., Status: ...}]}
[1A[2KLOG: [36m'Orders fetched:', [Object{Id: 1, Status: 'NEW'}, Object{Id: 2, Status: 'DONE'}][39m
Chrome Headless 145.0.0.0 (Windows 10): Executed 52 of 209[32m SUCCESS[39m (0 secs / 0.244 secs)
LOG: 'Orders fetched:', [Object{Id: 1, Status: 'NEW'}, Object{Id: 2, Status: 'DONE'}]
[1A[2KChrome Headless 145.0.0.0 (Windows 10): Executed 53 of 209[32m SUCCESS[39m (0 secs / 0.247 secs)
[1A[2KLOG: [36m'DATA: ', Object{Orders: []}[39m
Chrome Headless 145.0.0.0 (Windows 10): Executed 53 of 209[32m SUCCESS[39m (0 secs / 0.247 secs)
LOG: 'DATA: ', Object{Orders: []}
[1A[2KLOG: [36m'Orders fetched:', [][39m
Chrome Headless 145.0.0.0 (Windows 10): Executed 53 of 209[32m SUCCESS[39m (0 secs / 0.247 secs)
LOG: 'Orders fetched:', []
[1A[2KChrome Headless 145.0.0.0 (Windows 10): Executed 54 of 209[32m SUCCESS[39m (0 secs / 0.251 secs)
[1A[2KLOG: [36m'DATA: ', Object{Orders: []}[39m
Chrome Headless 145.0.0.0 (Windows 10): Executed 54 of 209[32m SUCCESS[39m (0 secs / 0.251 secs)
LOG: 'DATA: ', Object{Orders: []}
[1A[2KLOG: [36m'Orders fetched:', [][39m
Chrome Headless 145.0.0.0 (Windows 10): Executed 54 of 209[32m SUCCESS[39m (0 secs / 0.251 secs)
LOG: 'Orders fetched:', []
[1A[2KChrome Headless 145.0.0.0 (Windows 10): Executed 55 of 209[32m SUCCESS[39m (0 secs / 0.255 secs)
[1A[2KLOG: [36m'DATA: ', Object{Orders: []}[39m
Chrome Headless 145.0.0.0 (Windows 10): Executed 55 of 209[32m SUCCESS[39m (0 secs / 0.255 secs)
LOG: 'DATA: ', Object{Orders: []}
[1A[2KLOG: [36m'Orders fetched:', [][39m
Chrome Headless 145.0.0.0 (Windows 10): Executed 55 of 209[32m SUCCESS[39m (0 secs / 0.255 secs)
LOG: 'Orders fetched:', []
[1A[2KChrome Headless 145.0.0.0 (Windows 10): Executed 56 of 209[32m SUCCESS[39m (0 secs / 0.258 secs)
[1A[2KLOG: [36m'DATA: ', Object{Orders: []}[39m
Chrome Headless 145.0.0.0 (Windows 10): Executed 56 of 209[32m SUCCESS[39m (0 secs / 0.258 secs)
LOG: 'DATA: ', Object{Orders: []}
[1A[2KLOG: [36m'Orders fetched:', [][39m
Chrome Headless 145.0.0.0 (Windows 10): Executed 56 of 209[32m SUCCESS[39m (0 secs / 0.258 secs)
LOG: 'Orders fetched:', []
[1A[2KChrome Headless 145.0.0.0 (Windows 10): Executed 57 of 209[32m SUCCESS[39m (0 secs / 0.261 secs)
[1A[2KLOG: [36m'DATA: ', Object{Orders: []}[39m
Chrome Headless 145.0.0.0 (Windows 10): Executed 57 of 209[32m SUCCESS[39m (0 secs / 0.261 secs)
LOG: 'DATA: ', Object{Orders: []}
[1A[2KLOG: [36m'Orders fetched:', [][39m
Chrome Headless 145.0.0.0 (Windows 10): Executed 57 of 209[32m SUCCESS[39m (0 secs / 0.261 secs)
LOG: 'Orders fetched:', []
[1A[2KChrome Headless 145.0.0.0 (Windows 10): Executed 58 of 209[32m SUCCESS[39m (0 secs / 0.264 secs)
[1A[2KLOG: [36m'DATA: ', Object{Orders: []}[39m
Chrome Headless 145.0.0.0 (Windows 10): Executed 58 of 209[32m SUCCESS[39m (0 secs / 0.264 secs)
LOG: 'DATA: ', Object{Orders: []}
[1A[2KLOG: [36m'Orders fetched:', [][39m
Chrome Headless 145.0.0.0 (Windows 10): Executed 58 of 209[32m SUCCESS[39m (0 secs / 0.264 secs)
LOG: 'Orders fetched:', []
[1A[2KChrome Headless 145.0.0.0 (Windows 10): Executed 59 of 209[32m SUCCESS[39m (0 secs / 0.267 secs)
[1A[2KLOG: [36m'DATA: ', Object{Orders: []}[39m
Chrome Headless 145.0.0.0 (Windows 10): Executed 59 of 209[32m SUCCESS[39m (0 secs / 0.267 secs)
LOG: 'DATA: ', Object{Orders: []}
[1A[2KLOG: [36m'Orders fetched:', [][39m
Chrome Headless 145.0.0.0 (Windows 10): Executed 59 of 209[32m SUCCESS[39m (0 secs / 0.267 secs)
LOG: 'Orders fetched:', []
[1A[2KChrome Headless 145.0.0.0 (Windows 10): Executed 60 of 209[32m SUCCESS[39m (0 secs / 0.27 secs)
[1A[2KChrome Headless 145.0.0.0 (Windows 10): Executed 61 of 209[32m SUCCESS[39m (0 secs / 0.285 secs)
[1A[2KChrome Headless 145.0.0.0 (Windows 10): Executed 62 of 209[32m SUCCESS[39m (0 secs / 0.287 secs)
[1A[2KChrome Headless 145.0.0.0 (Windows 10): Executed 63 of 209[32m SUCCESS[39m (0 secs / 0.289 secs)
[1A[2KChrome Headless 145.0.0.0 (Windows 10): Executed 64 of 209[32m SUCCESS[39m (0 secs / 0.315 secs)
[1A[2KChrome Headless 145.0.0.0 (Windows 10): Executed 65 of 209[32m SUCCESS[39m (0 secs / 0.32 secs)
[1A[2KWARN: [36m'[LoginComponent] Login failed:', Object{message: 'Invalid credentials'}[39m
Chrome Headless 145.0.0.0 (Windows 10): Executed 65 of 209[32m SUCCESS[39m (0 secs / 0.32 secs)
WARN: '[LoginComponent] Login failed:', Object{message: 'Invalid credentials'}
[1A[2KChrome Headless 145.0.0.0 (Windows 10): Executed 66 of 209[32m SUCCESS[39m (0 secs / 0.323 secs)
[1A[2KChrome Headless 145.0.0.0 (Windows 10): Executed 67 of 209[32m SUCCESS[39m (0 secs / 0.326 secs)
[1A[2KChrome Headless 145.0.0.0 (Windows 10): Executed 68 of 209[32m SUCCESS[39m (0 secs / 0.328 secs)
[1A[2KChrome Headless 145.0.0.0 (Windows 10): Executed 69 of 209[32m SUCCESS[39m (0 secs / 0.33 secs)
[1A[2KChrome Headless 145.0.0.0 (Windows 10): Executed 70 of 209[32m SUCCESS[39m (0 secs / 0.332 secs)
[1A[2KChrome Headless 145.0.0.0 (Windows 10): Executed 71 of 209[32m SUCCESS[39m (0 secs / 0.334 secs)
[1A[2KChrome Headless 145.0.0.0 (Windows 10): Executed 72 of 209[32m SUCCESS[39m (0 secs / 0.335 secs)
[1A[2KChrome Headless 145.0.0.0 (Windows 10): Executed 73 of 209[32m SUCCESS[39m (0 secs / 0.337 secs)
[1A[2KChrome Headless 145.0.0.0 (Windows 10): Executed 74 of 209[32m SUCCESS[39m (0 secs / 0.339 secs)
[1A[2KChrome Headless 145.0.0.0 (Windows 10): Executed 75 of 209[32m SUCCESS[39m (0 secs / 0.341 secs)
[1A[2KLOG: [36m'Waarde ontvangen in onKeyboardEnter:', 'password123'[39m
Chrome Headless 145.0.0.0 (Windows 10): Executed 75 of 209[32m SUCCESS[39m (0 secs / 0.341 secs)
LOG: 'Waarde ontvangen in onKeyboardEnter:', 'password123'
[1A[2KChrome Headless 145.0.0.0 (Windows 10): Executed 76 of 209[32m SUCCESS[39m (0 secs / 0.343 secs)
[1A[2KChrome Headless 145.0.0.0 (Windows 10): Executed 77 of 209[32m SUCCESS[39m (0 secs / 0.346 secs)
[1A[2KLOG: [36m'Waarde ontvangen in onKeyboardEnter:', 'user@example.com'[39m
Chrome Headless 145.0.0.0 (Windows 10): Executed 77 of 209[32m SUCCESS[39m (0 secs / 0.346 secs)
LOG: 'Waarde ontvangen in onKeyboardEnter:', 'user@example.com'
[1A[2KChrome Headless 145.0.0.0 (Windows 10): Executed 78 of 209[32m SUCCESS[39m (0 secs / 0.349 secs)
[1A[2KChrome Headless 145.0.0.0 (Windows 10): Executed 79 of 209[32m SUCCESS[39m (0 secs / 0.353 secs)
[1A[2KLOG: [36m'Live value veranderd:', 'u1'[39m
Chrome Headless 145.0.0.0 (Windows 10): Executed 79 of 209[32m SUCCESS[39m (0 secs / 0.353 secs)
LOG: 'Live value veranderd:', 'u1'
[1A[2KLOG: [36m'Live value veranderd:', 'p1'[39m
Chrome Headless 145.0.0.0 (Windows 10): Executed 79 of 209[32m SUCCESS[39m (0 secs / 0.353 secs)
LOG: 'Live value veranderd:', 'p1'
[1A[2KChrome Headless 145.0.0.0 (Windows 10): Executed 80 of 209[32m SUCCESS[39m (0 secs / 0.356 secs)
[1A[2KChrome Headless 145.0.0.0 (Windows 10): Executed 81 of 209[32m SUCCESS[39m (0 secs / 0.359 secs)
[1A[2KLOG: [36m'Waarde ontvangen in onKeyboardEnter:', 'newvalue'[39m
Chrome Headless 145.0.0.0 (Windows 10): Executed 81 of 209[32m SUCCESS[39m (0 secs / 0.359 secs)
LOG: 'Waarde ontvangen in onKeyboardEnter:', 'newvalue'
[1A[2KChrome Headless 145.0.0.0 (Windows 10): Executed 82 of 209[32m SUCCESS[39m (0 secs / 0.362 secs)
[1A[2KChrome Headless 145.0.0.0 (Windows 10): Executed 83 of 209[32m SUCCESS[39m (0 secs / 0.364 secs)
[1A[2KChrome Headless 145.0.0.0 (Windows 10): Executed 84 of 209[32m SUCCESS[39m (0 secs / 0.368 secs)
[1A[2KChrome Headless 145.0.0.0 (Windows 10): Executed 85 of 209[32m SUCCESS[39m (0 secs / 0.372 secs)
[1A[2KLOG: [36m'Waarde ontvangen in onKeyboardEnter:', 'hello'[39m
Chrome Headless 145.0.0.0 (Windows 10): Executed 85 of 209[32m SUCCESS[39m (0 secs / 0.372 secs)
LOG: 'Waarde ontvangen in onKeyboardEnter:', 'hello'
[1A[2KChrome Headless 145.0.0.0 (Windows 10): Executed 86 of 209[32m SUCCESS[39m (0 secs / 0.375 secs)
[1A[2KChrome Headless 145.0.0.0 (Windows 10): Executed 87 of 209[32m SUCCESS[39m (0 secs / 0.377 secs)
[1A[2KChrome Headless 145.0.0.0 (Windows 10): Executed 88 of 209[32m SUCCESS[39m (0 secs / 0.38 secs)
[1A[2KChrome Headless 145.0.0.0 (Windows 10): Executed 89 of 209[32m SUCCESS[39m (0 secs / 0.383 secs)
[1A[2KChrome Headless 145.0.0.0 (Windows 10): Executed 90 of 209[32m SUCCESS[39m (0 secs / 0.385 secs)
[1A[2KChrome Headless 145.0.0.0 (Windows 10): Executed 91 of 209[32m SUCCESS[39m (0 secs / 0.388 secs)
[1A[2KChrome Headless 145.0.0.0 (Windows 10): Executed 92 of 209[32m SUCCESS[39m (0 secs / 0.391 secs)
[1A[2KChrome Headless 145.0.0.0 (Windows 10): Executed 93 of 209[32m SUCCESS[39m (0 secs / 0.394 secs)
[1A[2KChrome Headless 145.0.0.0 (Windows 10): Executed 94 of 209[32m SUCCESS[39m (0 secs / 0.396 secs)
[1A[2KChrome Headless 145.0.0.0 (Windows 10): Executed 95 of 209[32m SUCCESS[39m (0 secs / 0.399 secs)
[1A[2KChrome Headless 145.0.0.0 (Windows 10): Executed 96 of 209[32m SUCCESS[39m (0 secs / 0.402 secs)
[1A[2KChrome Headless 145.0.0.0 (Windows 10): Executed 97 of 209[32m SUCCESS[39m (0 secs / 0.405 secs)
[1A[2KChrome Headless 145.0.0.0 (Windows 10): Executed 98 of 209[32m SUCCESS[39m (0 secs / 0.408 secs)
[1A[2KChrome Headless 145.0.0.0 (Windows 10): Executed 99 of 209[32m SUCCESS[39m (0 secs / 0.411 secs)
[1A[2KChrome Headless 145.0.0.0 (Windows 10): Executed 100 of 209[32m SUCCESS[39m (0 secs / 0.414 secs)
[1A[2KChrome Headless 145.0.0.0 (Windows 10): Executed 101 of 209[32m SUCCESS[39m (0 secs / 0.416 secs)
[1A[2KChrome Headless 145.0.0.0 (Windows 10): Executed 102 of 209[32m SUCCESS[39m (0 secs / 0.419 secs)
[1A[2KLOG: [36m'Live value veranderd:', ''[39m
Chrome Headless 145.0.0.0 (Windows 10): Executed 102 of 209[32m SUCCESS[39m (0 secs / 0.419 secs)
LOG: 'Live value veranderd:', ''
[1A[2KChrome Headless 145.0.0.0 (Windows 10): Executed 103 of 209[32m SUCCESS[39m (0 secs / 0.421 secs)
[1A[2KLOG: [36m'Live value veranderd:', 'mypassword'[39m
Chrome Headless 145.0.0.0 (Windows 10): Executed 103 of 209[32m SUCCESS[39m (0 secs / 0.421 secs)
LOG: 'Live value veranderd:', 'mypassword'
[1A[2KChrome Headless 145.0.0.0 (Windows 10): Executed 104 of 209[32m SUCCESS[39m (0 secs / 0.423 secs)
[1A[2KChrome Headless 145.0.0.0 (Windows 10): Executed 105 of 209[32m SUCCESS[39m (0 secs / 0.426 secs)
[1A[2KChrome Headless 145.0.0.0 (Windows 10): Executed 106 of 209[32m SUCCESS[39m (0 secs / 0.429 secs)
[1A[2KChrome Headless 145.0.0.0 (Windows 10): Executed 107 of 209[32m SUCCESS[39m (0 secs / 0.432 secs)
[1A[2KChrome Headless 145.0.0.0 (Windows 10): Executed 108 of 209[32m SUCCESS[39m (0 secs / 0.435 secs)
[1A[2KERROR: [36m'Navigation failed'[39m
Chrome Headless 145.0.0.0 (Windows 10): Executed 108 of 209[32m SUCCESS[39m (0 secs / 0.435 secs)
ERROR: 'Navigation failed'
[1A[2KChrome Headless 145.0.0.0 (Windows 10): Executed 109 of 209[32m SUCCESS[39m (0 secs / 0.438 secs)
[1A[2KChrome Headless 145.0.0.0 (Windows 10): Executed 110 of 209[32m SUCCESS[39m (0 secs / 0.44 secs)
[1A[2KChrome Headless 145.0.0.0 (Windows 10): Executed 111 of 209[32m SUCCESS[39m (0 secs / 0.443 secs)
[1A[2KChrome Headless 145.0.0.0 (Windows 10): Executed 112 of 209[32m SUCCESS[39m (0 secs / 0.445 secs)
[1A[2KWARN: [36m'[LoginComponent] Login failed:', Object{message: 'Authentication failed'}[39m
Chrome Headless 145.0.0.0 (Windows 10): Executed 112 of 209[32m SUCCESS[39m (0 secs / 0.445 secs)
WARN: '[LoginComponent] Login failed:', Object{message: 'Authentication failed'}
[1A[2KChrome Headless 145.0.0.0 (Windows 10): Executed 113 of 209[32m SUCCESS[39m (0 secs / 0.447 secs)
[1A[2KChrome Headless 145.0.0.0 (Windows 10): Executed 114 of 209[32m SUCCESS[39m (0 secs / 0.45 secs)
[1A[2KChrome Headless 145.0.0.0 (Windows 10): Executed 115 of 209[32m SUCCESS[39m (0 secs / 0.452 secs)
[1A[2KChrome Headless 145.0.0.0 (Windows 10): Executed 116 of 209[32m SUCCESS[39m (0 secs / 0.454 secs)
[1A[2KLOG: [36m'Live value veranderd:', 'a'[39m
Chrome Headless 145.0.0.0 (Windows 10): Executed 116 of 209[32m SUCCESS[39m (0 secs / 0.454 secs)
LOG: 'Live value veranderd:', 'a'
[1A[2KLOG: [36m'Live value veranderd:', 'ab'[39m
Chrome Headless 145.0.0.0 (Windows 10): Executed 116 of 209[32m SUCCESS[39m (0 secs / 0.454 secs)
LOG: 'Live value veranderd:', 'ab'
[1A[2KLOG: [36m'Live value veranderd:', 'abc'[39m
Chrome Headless 145.0.0.0 (Windows 10): Executed 116 of 209[32m SUCCESS[39m (0 secs / 0.454 secs)
LOG: 'Live value veranderd:', 'abc'
[1A[2KChrome Headless 145.0.0.0 (Windows 10): Executed 117 of 209[32m SUCCESS[39m (0 secs / 0.455 secs)
[1A[2KChrome Headless 145.0.0.0 (Windows 10): Executed 118 of 209[32m SUCCESS[39m (0 secs / 0.457 secs)
[1A[2KWARN: [36m'[LoginComponent] Login failed:', Object{message: 'Invalid credentials'}[39m
Chrome Headless 145.0.0.0 (Windows 10): Executed 118 of 209[32m SUCCESS[39m (0 secs / 0.457 secs)
WARN: '[LoginComponent] Login failed:', Object{message: 'Invalid credentials'}
[1A[2KChrome Headless 145.0.0.0 (Windows 10): Executed 119 of 209[32m SUCCESS[39m (0 secs / 0.459 secs)
[1A[2KChrome Headless 145.0.0.0 (Windows 10): Executed 120 of 209[32m SUCCESS[39m (0 secs / 0.461 secs)
[1A[2KChrome Headless 145.0.0.0 (Windows 10): Executed 121 of 209[32m SUCCESS[39m (0 secs / 0.463 secs)
[1A[2KChrome Headless 145.0.0.0 (Windows 10): Executed 122 of 209[32m SUCCESS[39m (0 secs / 0.465 secs)
[1A[2KChrome Headless 145.0.0.0 (Windows 10): Executed 123 of 209[32m SUCCESS[39m (0 secs / 0.468 secs)
[1A[2KChrome Headless 145.0.0.0 (Windows 10): Executed 124 of 209[32m SUCCESS[39m (0 secs / 0.47 secs)
[1A[2KWARN: [36m'[LoginComponent] Login failed:', Object{message: 'Error'}[39m
Chrome Headless 145.0.0.0 (Windows 10): Executed 124 of 209[32m SUCCESS[39m (0 secs / 0.47 secs)
WARN: '[LoginComponent] Login failed:', Object{message: 'Error'}
[1A[2KChrome Headless 145.0.0.0 (Windows 10): Executed 125 of 209[32m SUCCESS[39m (0 secs / 0.473 secs)
[1A[2KChrome Headless 145.0.0.0 (Windows 10): Executed 126 of 209[32m SUCCESS[39m (0 secs / 0.475 secs)
[1A[2KChrome Headless 145.0.0.0 (Windows 10): Executed 127 of 209[32m SUCCESS[39m (0 secs / 0.477 secs)
[1A[2KChrome Headless 145.0.0.0 (Windows 10): Executed 128 of 209[32m SUCCESS[39m (0 secs / 0.479 secs)
[1A[2KChrome Headless 145.0.0.0 (Windows 10): Executed 129 of 209[32m SUCCESS[39m (0 secs / 0.482 secs)
[1A[2KWARN: [36m'[LoginComponent] Login failed:', Object{}[39m
Chrome Headless 145.0.0.0 (Windows 10): Executed 129 of 209[32m SUCCESS[39m (0 secs / 0.482 secs)
WARN: '[LoginComponent] Login failed:', Object{}
[1A[2KChrome Headless 145.0.0.0 (Windows 10): Executed 130 of 209[32m SUCCESS[39m (0 secs / 0.484 secs)
[1A[2KChrome Headless 145.0.0.0 (Windows 10): Executed 131 of 209[32m SUCCESS[39m (0 secs / 0.485 secs)
[1A[2KChrome Headless 145.0.0.0 (Windows 10): Executed 132 of 209[32m SUCCESS[39m (0 secs / 0.486 secs)
[1A[2KLOG: [36m'Waarde ontvangen in onKeyboardEnter:', 'testvalue'[39m
Chrome Headless 145.0.0.0 (Windows 10): Executed 132 of 209[32m SUCCESS[39m (0 secs / 0.486 secs)
LOG: 'Waarde ontvangen in onKeyboardEnter:', 'testvalue'
[1A[2KChrome Headless 145.0.0.0 (Windows 10): Executed 133 of 209[32m SUCCESS[39m (0 secs / 0.488 secs)
[1A[2KChrome Headless 145.0.0.0 (Windows 10): Executed 134 of 209[32m SUCCESS[39m (0 secs / 0.49 secs)
[1A[2KLOG: [36m'Live value veranderd:', 'test@email.com'[39m
Chrome Headless 145.0.0.0 (Windows 10): Executed 134 of 209[32m SUCCESS[39m (0 secs / 0.49 secs)
LOG: 'Live value veranderd:', 'test@email.com'
[1A[2KChrome Headless 145.0.0.0 (Windows 10): Executed 135 of 209[32m SUCCESS[39m (0 secs / 0.492 secs)
[1A[2KWARN: [36m'[LoginComponent] Login failed:', Error: Network error
Error: Network error
    at http://localhost:9876/base/src/app/components/login/login.component.spec.ts:853:53
    at _Observable.init [as _subscribe] (http://localhost:9876/base/node_modules/rxjs/dist/esm/internal/observable/throwError.js:5:51)
    at _Observable._trySubscribe (http://localhost:9876/base/node_modules/rxjs/dist/esm/internal/Observable.js:37:25)
    at http://localhost:9876/base/node_modules/rxjs/dist/esm/internal/Observable.js:31:30
    at errorContext (http://localhost:9876/base/node_modules/rxjs/dist/esm/internal/util/errorContext.js:19:9)
    at _Observable.subscribe (http://localhost:9876/base/node_modules/rxjs/dist/esm/internal/Observable.js:22:9)
    at LoginComponent2.login (http://localhost:9876/base/src/app/components/login/login.component.ts:129:42)
    at UserContext.<anonymous> (http://localhost:9876/base/src/app/components/login/login.component.spec.ts:856:15)
    at _ZoneDelegate.invoke (http://localhost:9876/base/node_modules/zone.js/fesm2015/zone.js:360:158)
    at _ProxyZoneSpec.onInvoke (http://localhost:9876/base/node_modules/zone.js/fesm2015/zone-testing.js:956:33)[39m
Chrome Headless 145.0.0.0 (Windows 10): Executed 135 of 209[32m SUCCESS[39m (0 secs / 0.492 secs)
WARN: '[LoginComponent] Login failed:', Error: Network error
Error: Network error
    at http://localhost:9876/base/src/app/components/login/login.component.spec.ts:853:53
    at _Observable.init [as _subscribe] (http://localhost:9876/base/node_modules/rxjs/dist/esm/internal/observable/throwError.js:5:51)
    at _Observable._trySubscribe (http://localhost:9876/base/node_modules/rxjs/dist/esm/internal/Observable.js:37:25)
    at http://localhost:9876/base/node_modules/rxjs/dist/esm/internal/Observable.js:31:30
    at errorContext (http://localhost:9876/base/node_modules/rxjs/dist/esm/internal/util/errorContext.js:19:9)
    at _Observable.subscribe (http://localhost:9876/base/node_modules/rxjs/dist/esm/internal/Observable.js:22:9)
    at LoginComponent2.login (http://localhost:9876/base/src/app/components/login/login.component.ts:129:42)
    at UserContext.<anonymous> (http://localhost:9876/base/src/app/components/login/login.component.spec.ts:856:15)
    at _ZoneDelegate.invoke (http://localhost:9876/base/node_modules/zone.js/fesm2015/zone.js:360:158)
    at _ProxyZoneSpec.onInvoke (http://localhost:9876/base/node_modules/zone.js/fesm2015/zone-testing.js:956:33)
[1A[2KChrome Headless 145.0.0.0 (Windows 10): Executed 136 of 209[32m SUCCESS[39m (0 secs / 0.942 secs)
[1A[2KChrome Headless 145.0.0.0 (Windows 10): Executed 137 of 209[32m SUCCESS[39m (0 secs / 0.945 secs)
[1A[2KChrome Headless 145.0.0.0 (Windows 10): Executed 138 of 209[32m SUCCESS[39m (0 secs / 0.947 secs)
[1A[2KChrome Headless 145.0.0.0 (Windows 10): Executed 139 of 209[32m SUCCESS[39m (0 secs / 0.949 secs)
[1A[2KChrome Headless 145.0.0.0 (Windows 10): Executed 140 of 209[32m SUCCESS[39m (0 secs / 0.951 secs)
[1A[2KChrome Headless 145.0.0.0 (Windows 10): Executed 141 of 209[32m SUCCESS[39m (0 secs / 0.953 secs)
[1A[2KChrome Headless 145.0.0.0 (Windows 10): Executed 142 of 209[32m SUCCESS[39m (0 secs / 0.955 secs)
[1A[2KLOG: [36m'Live value veranderd:', ''[39m
Chrome Headless 145.0.0.0 (Windows 10): Executed 142 of 209[32m SUCCESS[39m (0 secs / 0.955 secs)
LOG: 'Live value veranderd:', ''
[1A[2KChrome Headless 145.0.0.0 (Windows 10): Executed 143 of 209[32m SUCCESS[39m (0 secs / 0.958 secs)
[1A[2KChrome Headless 145.0.0.0 (Windows 10): Executed 144 of 209[32m SUCCESS[39m (0 secs / 0.96 secs)
[1A[2KLOG: [36m'Live value veranderd:', 'newvalue'[39m
Chrome Headless 145.0.0.0 (Windows 10): Executed 144 of 209[32m SUCCESS[39m (0 secs / 0.96 secs)
LOG: 'Live value veranderd:', 'newvalue'
[1A[2KChrome Headless 145.0.0.0 (Windows 10): Executed 145 of 209[32m SUCCESS[39m (0 secs / 0.962 secs)
[1A[2KChrome Headless 145.0.0.0 (Windows 10): Executed 146 of 209[32m SUCCESS[39m (0 secs / 0.965 secs)
[1A[2KChrome Headless 145.0.0.0 (Windows 10): Executed 147 of 209[32m SUCCESS[39m (0 secs / 1.062 secs)
[1A[2KChrome Headless 145.0.0.0 (Windows 10): Executed 148 of 209[32m SUCCESS[39m (0 secs / 1.063 secs)
[1A[2KChrome Headless 145.0.0.0 (Windows 10): Executed 149 of 209[32m SUCCESS[39m (0 secs / 1.063 secs)
[1A[2KChrome Headless 145.0.0.0 (Windows 10): Executed 150 of 209[32m SUCCESS[39m (0 secs / 1.063 secs)
[1A[2KChrome Headless 145.0.0.0 (Windows 10): Executed 151 of 209[32m SUCCESS[39m (0 secs / 1.063 secs)
[1A[2KChrome Headless 145.0.0.0 (Windows 10): Executed 152 of 209[32m SUCCESS[39m (0 secs / 1.063 secs)
[1A[2KChrome Headless 145.0.0.0 (Windows 10): Executed 153 of 209[32m SUCCESS[39m (0 secs / 1.064 secs)
[1A[2KChrome Headless 145.0.0.0 (Windows 10): Executed 154 of 209[32m SUCCESS[39m (0 secs / 1.064 secs)
[1A[2KChrome Headless 145.0.0.0 (Windows 10): Executed 155 of 209[32m SUCCESS[39m (0 secs / 1.065 secs)
[1A[2KLOG: [36m'[Settings] Exchanges loaded:', [Exchange{Id: 0, Name: '', Status: ''}][39m
Chrome Headless 145.0.0.0 (Windows 10): Executed 155 of 209[32m SUCCESS[39m (0 secs / 1.065 secs)
LOG: '[Settings] Exchanges loaded:', [Exchange{Id: 0, Name: '', Status: ''}]
[1A[2KLOG: [36m'[Settings] Store selectedExchange emitted:', Exchange{Id: 0, Name: '', Status: ''}[39m
Chrome Headless 145.0.0.0 (Windows 10): Executed 155 of 209[32m SUCCESS[39m (0 secs / 1.065 secs)
LOG: '[Settings] Store selectedExchange emitted:', Exchange{Id: 0, Name: '', Status: ''}
[1A[2KLOG: [36m'[Settings] Attempting to map store exchange to list instance...'[39m
Chrome Headless 145.0.0.0 (Windows 10): Executed 155 of 209[32m SUCCESS[39m (0 secs / 1.065 secs)
LOG: '[Settings] Attempting to map store exchange to list instance...'
[1A[2KLOG: [36m'[Settings] Mapped to list instance:', Exchange{Id: 0, Name: '', Status: ''}[39m
Chrome Headless 145.0.0.0 (Windows 10): Executed 155 of 209[32m SUCCESS[39m (0 secs / 1.065 secs)
LOG: '[Settings] Mapped to list instance:', Exchange{Id: 0, Name: '', Status: ''}
[1A[2KLOG: [36m'[Settings] Dropdown selection set to:', Exchange{Id: 0, Name: '', Status: ''}[39m
Chrome Headless 145.0.0.0 (Windows 10): Executed 155 of 209[32m SUCCESS[39m (0 secs / 1.065 secs)
LOG: '[Settings] Dropdown selection set to:', Exchange{Id: 0, Name: '', Status: ''}
[1A[2KChrome Headless 145.0.0.0 (Windows 10): Executed 156 of 209[32m SUCCESS[39m (0 secs / 1.097 secs)
[1A[2KLOG: [36m'[Settings] Exchanges loaded:', [Exchange{Id: 0, Name: '', Status: ''}][39m
Chrome Headless 145.0.0.0 (Windows 10): Executed 156 of 209[32m SUCCESS[39m (0 secs / 1.097 secs)
LOG: '[Settings] Exchanges loaded:', [Exchange{Id: 0, Name: '', Status: ''}]
[1A[2KLOG: [36m'[Settings] Store selectedExchange emitted:', Exchange{Id: 0, Name: '', Status: ''}[39m
Chrome Headless 145.0.0.0 (Windows 10): Executed 156 of 209[32m SUCCESS[39m (0 secs / 1.097 secs)
LOG: '[Settings] Store selectedExchange emitted:', Exchange{Id: 0, Name: '', Status: ''}
[1A[2KLOG: [36m'[Settings] Attempting to map store exchange to list instance...'[39m
Chrome Headless 145.0.0.0 (Windows 10): Executed 156 of 209[32m SUCCESS[39m (0 secs / 1.097 secs)
LOG: '[Settings] Attempting to map store exchange to list instance...'
[1A[2KLOG: [36m'[Settings] Mapped to list instance:', Exchange{Id: 0, Name: '', Status: ''}[39m
Chrome Headless 145.0.0.0 (Windows 10): Executed 156 of 209[32m SUCCESS[39m (0 secs / 1.097 secs)
LOG: '[Settings] Mapped to list instance:', Exchange{Id: 0, Name: '', Status: ''}
[1A[2KLOG: [36m'[Settings] Dropdown selection set to:', Exchange{Id: 0, Name: '', Status: ''}[39m
Chrome Headless 145.0.0.0 (Windows 10): Executed 156 of 209[32m SUCCESS[39m (0 secs / 1.097 secs)
LOG: '[Settings] Dropdown selection set to:', Exchange{Id: 0, Name: '', Status: ''}
[1A[2KChrome Headless 145.0.0.0 (Windows 10): Executed 157 of 209[32m SUCCESS[39m (0 secs / 1.105 secs)
[1A[2KLOG: [36m'[Settings] Exchanges loaded:', [Exchange{Id: 0, Name: '', Status: ''}][39m
Chrome Headless 145.0.0.0 (Windows 10): Executed 157 of 209[32m SUCCESS[39m (0 secs / 1.105 secs)
LOG: '[Settings] Exchanges loaded:', [Exchange{Id: 0, Name: '', Status: ''}]
[1A[2KLOG: [36m'[Settings] Store selectedExchange emitted:', Exchange{Id: 0, Name: '', Status: ''}[39m
Chrome Headless 145.0.0.0 (Windows 10): Executed 157 of 209[32m SUCCESS[39m (0 secs / 1.105 secs)
LOG: '[Settings] Store selectedExchange emitted:', Exchange{Id: 0, Name: '', Status: ''}
[1A[2KLOG: [36m'[Settings] Attempting to map store exchange to list instance...'[39m
Chrome Headless 145.0.0.0 (Windows 10): Executed 157 of 209[32m SUCCESS[39m (0 secs / 1.105 secs)
LOG: '[Settings] Attempting to map store exchange to list instance...'
[1A[2KLOG: [36m'[Settings] Mapped to list instance:', Exchange{Id: 0, Name: '', Status: ''}[39m
Chrome Headless 145.0.0.0 (Windows 10): Executed 157 of 209[32m SUCCESS[39m (0 secs / 1.105 secs)
LOG: '[Settings] Mapped to list instance:', Exchange{Id: 0, Name: '', Status: ''}
[1A[2KLOG: [36m'[Settings] Dropdown selection set to:', Exchange{Id: 0, Name: '', Status: ''}[39m
Chrome Headless 145.0.0.0 (Windows 10): Executed 157 of 209[32m SUCCESS[39m (0 secs / 1.105 secs)
LOG: '[Settings] Dropdown selection set to:', Exchange{Id: 0, Name: '', Status: ''}
[1A[2KLOG: [36m'[Settings] Exchanges loaded:', [Exchange{Id: 0, Name: '', Status: ''}, Exchange{Id: 0, Name: '', Status: ''}][39m
Chrome Headless 145.0.0.0 (Windows 10): Executed 157 of 209[32m SUCCESS[39m (0 secs / 1.105 secs)
LOG: '[Settings] Exchanges loaded:', [Exchange{Id: 0, Name: '', Status: ''}, Exchange{Id: 0, Name: '', Status: ''}]
[1A[2KLOG: [36m'[Settings] Store selectedExchange emitted:', Exchange{Id: 0, Name: '', Status: ''}[39m
Chrome Headless 145.0.0.0 (Windows 10): Executed 157 of 209[32m SUCCESS[39m (0 secs / 1.105 secs)
LOG: '[Settings] Store selectedExchange emitted:', Exchange{Id: 0, Name: '', Status: ''}
[1A[2KLOG: [36m'[Settings] Attempting to map store exchange to list instance...'[39m
Chrome Headless 145.0.0.0 (Windows 10): Executed 157 of 209[32m SUCCESS[39m (0 secs / 1.105 secs)
LOG: '[Settings] Attempting to map store exchange to list instance...'
[1A[2KLOG: [36m'[Settings] Mapped to list instance:', Exchange{Id: 0, Name: '', Status: ''}[39m
Chrome Headless 145.0.0.0 (Windows 10): Executed 157 of 209[32m SUCCESS[39m (0 secs / 1.105 secs)
LOG: '[Settings] Mapped to list instance:', Exchange{Id: 0, Name: '', Status: ''}
[1A[2KLOG: [36m'[Settings] Dropdown selection set to:', Exchange{Id: 0, Name: '', Status: ''}[39m
Chrome Headless 145.0.0.0 (Windows 10): Executed 157 of 209[32m SUCCESS[39m (0 secs / 1.105 secs)
LOG: '[Settings] Dropdown selection set to:', Exchange{Id: 0, Name: '', Status: ''}
[1A[2KChrome Headless 145.0.0.0 (Windows 10): Executed 158 of 209[32m SUCCESS[39m (0 secs / 1.113 secs)
[1A[2KLOG: [36m'[Settings] Exchanges loaded:', [Exchange{Id: 0, Name: '', Status: ''}][39m
Chrome Headless 145.0.0.0 (Windows 10): Executed 158 of 209[32m SUCCESS[39m (0 secs / 1.113 secs)
LOG: '[Settings] Exchanges loaded:', [Exchange{Id: 0, Name: '', Status: ''}]
[1A[2KLOG: [36m'[Settings] Store selectedExchange emitted:', Exchange{Id: 0, Name: '', Status: ''}[39m
Chrome Headless 145.0.0.0 (Windows 10): Executed 158 of 209[32m SUCCESS[39m (0 secs / 1.113 secs)
LOG: '[Settings] Store selectedExchange emitted:', Exchange{Id: 0, Name: '', Status: ''}
[1A[2KLOG: [36m'[Settings] Attempting to map store exchange to list instance...'[39m
Chrome Headless 145.0.0.0 (Windows 10): Executed 158 of 209[32m SUCCESS[39m (0 secs / 1.113 secs)
LOG: '[Settings] Attempting to map store exchange to list instance...'
[1A[2KLOG: [36m'[Settings] Mapped to list instance:', Exchange{Id: 0, Name: '', Status: ''}[39m
Chrome Headless 145.0.0.0 (Windows 10): Executed 158 of 209[32m SUCCESS[39m (0 secs / 1.113 secs)
LOG: '[Settings] Mapped to list instance:', Exchange{Id: 0, Name: '', Status: ''}
[1A[2KLOG: [36m'[Settings] Dropdown selection set to:', Exchange{Id: 0, Name: '', Status: ''}[39m
Chrome Headless 145.0.0.0 (Windows 10): Executed 158 of 209[32m SUCCESS[39m (0 secs / 1.113 secs)
LOG: '[Settings] Dropdown selection set to:', Exchange{Id: 0, Name: '', Status: ''}
[1A[2KChrome Headless 145.0.0.0 (Windows 10): Executed 159 of 209[32m SUCCESS[39m (0 secs / 1.12 secs)
[1A[2KLOG: [36m'[Settings] Exchanges loaded:', [Exchange{Id: 0, Name: '', Status: ''}][39m
Chrome Headless 145.0.0.0 (Windows 10): Executed 159 of 209[32m SUCCESS[39m (0 secs / 1.12 secs)
LOG: '[Settings] Exchanges loaded:', [Exchange{Id: 0, Name: '', Status: ''}]
[1A[2KLOG: [36m'[Settings] Store selectedExchange emitted:', Exchange{Id: 0, Name: '', Status: ''}[39m
Chrome Headless 145.0.0.0 (Windows 10): Executed 159 of 209[32m SUCCESS[39m (0 secs / 1.12 secs)
LOG: '[Settings] Store selectedExchange emitted:', Exchange{Id: 0, Name: '', Status: ''}
[1A[2KLOG: [36m'[Settings] Attempting to map store exchange to list instance...'[39m
Chrome Headless 145.0.0.0 (Windows 10): Executed 159 of 209[32m SUCCESS[39m (0 secs / 1.12 secs)
LOG: '[Settings] Attempting to map store exchange to list instance...'
[1A[2KLOG: [36m'[Settings] Mapped to list instance:', Exchange{Id: 0, Name: '', Status: ''}[39m
Chrome Headless 145.0.0.0 (Windows 10): Executed 159 of 209[32m SUCCESS[39m (0 secs / 1.12 secs)
LOG: '[Settings] Mapped to list instance:', Exchange{Id: 0, Name: '', Status: ''}
[1A[2KLOG: [36m'[Settings] Dropdown selection set to:', Exchange{Id: 0, Name: '', Status: ''}[39m
Chrome Headless 145.0.0.0 (Windows 10): Executed 159 of 209[32m SUCCESS[39m (0 secs / 1.12 secs)
LOG: '[Settings] Dropdown selection set to:', Exchange{Id: 0, Name: '', Status: ''}
[1A[2KChrome Headless 145.0.0.0 (Windows 10): Executed 160 of 209[32m SUCCESS[39m (0 secs / 1.126 secs)
[1A[2KLOG: [36m'[Settings] Exchanges loaded:', [Exchange{Id: 0, Name: '', Status: ''}][39m
Chrome Headless 145.0.0.0 (Windows 10): Executed 160 of 209[32m SUCCESS[39m (0 secs / 1.126 secs)
LOG: '[Settings] Exchanges loaded:', [Exchange{Id: 0, Name: '', Status: ''}]
[1A[2KLOG: [36m'[Settings] Store selectedExchange emitted:', Exchange{Id: 0, Name: '', Status: ''}[39m
Chrome Headless 145.0.0.0 (Windows 10): Executed 160 of 209[32m SUCCESS[39m (0 secs / 1.126 secs)
LOG: '[Settings] Store selectedExchange emitted:', Exchange{Id: 0, Name: '', Status: ''}
[1A[2KLOG: [36m'[Settings] Attempting to map store exchange to list instance...'[39m
Chrome Headless 145.0.0.0 (Windows 10): Executed 160 of 209[32m SUCCESS[39m (0 secs / 1.126 secs)
LOG: '[Settings] Attempting to map store exchange to list instance...'
[1A[2KLOG: [36m'[Settings] Mapped to list instance:', Exchange{Id: 0, Name: '', Status: ''}[39m
Chrome Headless 145.0.0.0 (Windows 10): Executed 160 of 209[32m SUCCESS[39m (0 secs / 1.126 secs)
LOG: '[Settings] Mapped to list instance:', Exchange{Id: 0, Name: '', Status: ''}
[1A[2KLOG: [36m'[Settings] Dropdown selection set to:', Exchange{Id: 0, Name: '', Status: ''}[39m
Chrome Headless 145.0.0.0 (Windows 10): Executed 160 of 209[32m SUCCESS[39m (0 secs / 1.126 secs)
LOG: '[Settings] Dropdown selection set to:', Exchange{Id: 0, Name: '', Status: ''}
[1A[2KChrome Headless 145.0.0.0 (Windows 10): Executed 161 of 209[32m SUCCESS[39m (0 secs / 1.132 secs)
[1A[2KLOG: [36m'[Settings] Exchanges loaded:', [Exchange{Id: 0, Name: '', Status: ''}][39m
Chrome Headless 145.0.0.0 (Windows 10): Executed 161 of 209[32m SUCCESS[39m (0 secs / 1.132 secs)
LOG: '[Settings] Exchanges loaded:', [Exchange{Id: 0, Name: '', Status: ''}]
[1A[2KLOG: [36m'[Settings] Store selectedExchange emitted:', Exchange{Id: 0, Name: '', Status: ''}[39m
Chrome Headless 145.0.0.0 (Windows 10): Executed 161 of 209[32m SUCCESS[39m (0 secs / 1.132 secs)
LOG: '[Settings] Store selectedExchange emitted:', Exchange{Id: 0, Name: '', Status: ''}
[1A[2KLOG: [36m'[Settings] Attempting to map store exchange to list instance...'[39m
Chrome Headless 145.0.0.0 (Windows 10): Executed 161 of 209[32m SUCCESS[39m (0 secs / 1.132 secs)
LOG: '[Settings] Attempting to map store exchange to list instance...'
[1A[2KLOG: [36m'[Settings] Mapped to list instance:', Exchange{Id: 0, Name: '', Status: ''}[39m
Chrome Headless 145.0.0.0 (Windows 10): Executed 161 of 209[32m SUCCESS[39m (0 secs / 1.132 secs)
LOG: '[Settings] Mapped to list instance:', Exchange{Id: 0, Name: '', Status: ''}
[1A[2KLOG: [36m'[Settings] Dropdown selection set to:', Exchange{Id: 0, Name: '', Status: ''}[39m
Chrome Headless 145.0.0.0 (Windows 10): Executed 161 of 209[32m SUCCESS[39m (0 secs / 1.132 secs)
LOG: '[Settings] Dropdown selection set to:', Exchange{Id: 0, Name: '', Status: ''}
[1A[2KChrome Headless 145.0.0.0 (Windows 10): Executed 162 of 209[32m SUCCESS[39m (0 secs / 1.138 secs)
[1A[2KLOG: [36m'[Settings] Exchanges loaded:', [Exchange{Id: 0, Name: '', Status: ''}][39m
Chrome Headless 145.0.0.0 (Windows 10): Executed 162 of 209[32m SUCCESS[39m (0 secs / 1.138 secs)
LOG: '[Settings] Exchanges loaded:', [Exchange{Id: 0, Name: '', Status: ''}]
[1A[2KLOG: [36m'[Settings] Store selectedExchange emitted:', Exchange{Id: 0, Name: '', Status: ''}[39m
Chrome Headless 145.0.0.0 (Windows 10): Executed 162 of 209[32m SUCCESS[39m (0 secs / 1.138 secs)
LOG: '[Settings] Store selectedExchange emitted:', Exchange{Id: 0, Name: '', Status: ''}
[1A[2KLOG: [36m'[Settings] Attempting to map store exchange to list instance...'[39m
Chrome Headless 145.0.0.0 (Windows 10): Executed 162 of 209[32m SUCCESS[39m (0 secs / 1.138 secs)
LOG: '[Settings] Attempting to map store exchange to list instance...'
[1A[2KLOG: [36m'[Settings] Mapped to list instance:', Exchange{Id: 0, Name: '', Status: ''}[39m
Chrome Headless 145.0.0.0 (Windows 10): Executed 162 of 209[32m SUCCESS[39m (0 secs / 1.138 secs)
LOG: '[Settings] Mapped to list instance:', Exchange{Id: 0, Name: '', Status: ''}
[1A[2KLOG: [36m'[Settings] Dropdown selection set to:', Exchange{Id: 0, Name: '', Status: ''}[39m
Chrome Headless 145.0.0.0 (Windows 10): Executed 162 of 209[32m SUCCESS[39m (0 secs / 1.138 secs)
LOG: '[Settings] Dropdown selection set to:', Exchange{Id: 0, Name: '', Status: ''}
[1A[2KChrome Headless 145.0.0.0 (Windows 10): Executed 163 of 209[32m SUCCESS[39m (0 secs / 1.145 secs)
[1A[2KLOG: [36m'[Settings] Exchanges loaded:', [Exchange{Id: 0, Name: '', Status: ''}][39m
Chrome Headless 145.0.0.0 (Windows 10): Executed 163 of 209[32m SUCCESS[39m (0 secs / 1.145 secs)
LOG: '[Settings] Exchanges loaded:', [Exchange{Id: 0, Name: '', Status: ''}]
[1A[2KLOG: [36m'[Settings] Store selectedExchange emitted:', Exchange{Id: 0, Name: '', Status: ''}[39m
Chrome Headless 145.0.0.0 (Windows 10): Executed 163 of 209[32m SUCCESS[39m (0 secs / 1.145 secs)
LOG: '[Settings] Store selectedExchange emitted:', Exchange{Id: 0, Name: '', Status: ''}
[1A[2KLOG: [36m'[Settings] Attempting to map store exchange to list instance...'[39m
Chrome Headless 145.0.0.0 (Windows 10): Executed 163 of 209[32m SUCCESS[39m (0 secs / 1.145 secs)
LOG: '[Settings] Attempting to map store exchange to list instance...'
[1A[2KLOG: [36m'[Settings] Mapped to list instance:', Exchange{Id: 0, Name: '', Status: ''}[39m
Chrome Headless 145.0.0.0 (Windows 10): Executed 163 of 209[32m SUCCESS[39m (0 secs / 1.145 secs)
LOG: '[Settings] Mapped to list instance:', Exchange{Id: 0, Name: '', Status: ''}
[1A[2KLOG: [36m'[Settings] Dropdown selection set to:', Exchange{Id: 0, Name: '', Status: ''}[39m
Chrome Headless 145.0.0.0 (Windows 10): Executed 163 of 209[32m SUCCESS[39m (0 secs / 1.145 secs)
LOG: '[Settings] Dropdown selection set to:', Exchange{Id: 0, Name: '', Status: ''}
[1A[2KChrome Headless 145.0.0.0 (Windows 10): Executed 164 of 209[32m SUCCESS[39m (0 secs / 1.152 secs)
[1A[2KLOG: [36m'[Settings] Exchanges loaded:', [Exchange{Id: 0, Name: '', Status: ''}][39m
Chrome Headless 145.0.0.0 (Windows 10): Executed 164 of 209[32m SUCCESS[39m (0 secs / 1.152 secs)
LOG: '[Settings] Exchanges loaded:', [Exchange{Id: 0, Name: '', Status: ''}]
[1A[2KLOG: [36m'[Settings] Store selectedExchange emitted:', Exchange{Id: 0, Name: '', Status: ''}[39m
Chrome Headless 145.0.0.0 (Windows 10): Executed 164 of 209[32m SUCCESS[39m (0 secs / 1.152 secs)
LOG: '[Settings] Store selectedExchange emitted:', Exchange{Id: 0, Name: '', Status: ''}
[1A[2KLOG: [36m'[Settings] Attempting to map store exchange to list instance...'[39m
Chrome Headless 145.0.0.0 (Windows 10): Executed 164 of 209[32m SUCCESS[39m (0 secs / 1.152 secs)
LOG: '[Settings] Attempting to map store exchange to list instance...'
[1A[2KLOG: [36m'[Settings] Mapped to list instance:', Exchange{Id: 0, Name: '', Status: ''}[39m
Chrome Headless 145.0.0.0 (Windows 10): Executed 164 of 209[32m SUCCESS[39m (0 secs / 1.152 secs)
LOG: '[Settings] Mapped to list instance:', Exchange{Id: 0, Name: '', Status: ''}
[1A[2KLOG: [36m'[Settings] Dropdown selection set to:', Exchange{Id: 0, Name: '', Status: ''}[39m
Chrome Headless 145.0.0.0 (Windows 10): Executed 164 of 209[32m SUCCESS[39m (0 secs / 1.152 secs)
LOG: '[Settings] Dropdown selection set to:', Exchange{Id: 0, Name: '', Status: ''}
[1A[2KChrome Headless 145.0.0.0 (Windows 10): Executed 165 of 209[32m SUCCESS[39m (0 secs / 1.158 secs)
[1A[2KLOG: [36m'[Settings] Exchanges loaded:', [Exchange{Id: 0, Name: '', Status: ''}][39m
Chrome Headless 145.0.0.0 (Windows 10): Executed 165 of 209[32m SUCCESS[39m (0 secs / 1.158 secs)
LOG: '[Settings] Exchanges loaded:', [Exchange{Id: 0, Name: '', Status: ''}]
[1A[2KLOG: [36m'[Settings] Store selectedExchange emitted:', Exchange{Id: 0, Name: '', Status: ''}[39m
Chrome Headless 145.0.0.0 (Windows 10): Executed 165 of 209[32m SUCCESS[39m (0 secs / 1.158 secs)
LOG: '[Settings] Store selectedExchange emitted:', Exchange{Id: 0, Name: '', Status: ''}
[1A[2KLOG: [36m'[Settings] Attempting to map store exchange to list instance...'[39m
Chrome Headless 145.0.0.0 (Windows 10): Executed 165 of 209[32m SUCCESS[39m (0 secs / 1.158 secs)
LOG: '[Settings] Attempting to map store exchange to list instance...'
[1A[2KLOG: [36m'[Settings] Mapped to list instance:', Exchange{Id: 0, Name: '', Status: ''}[39m
Chrome Headless 145.0.0.0 (Windows 10): Executed 165 of 209[32m SUCCESS[39m (0 secs / 1.158 secs)
LOG: '[Settings] Mapped to list instance:', Exchange{Id: 0, Name: '', Status: ''}
[1A[2KLOG: [36m'[Settings] Dropdown selection set to:', Exchange{Id: 0, Name: '', Status: ''}[39m
Chrome Headless 145.0.0.0 (Windows 10): Executed 165 of 209[32m SUCCESS[39m (0 secs / 1.158 secs)
LOG: '[Settings] Dropdown selection set to:', Exchange{Id: 0, Name: '', Status: ''}
[1A[2KChrome Headless 145.0.0.0 (Windows 10): Executed 166 of 209[32m SUCCESS[39m (0 secs / 1.164 secs)
[1A[2KLOG: [36m'[Settings] Exchanges loaded:', [Exchange{Id: 0, Name: '', Status: ''}][39m
Chrome Headless 145.0.0.0 (Windows 10): Executed 166 of 209[32m SUCCESS[39m (0 secs / 1.164 secs)
LOG: '[Settings] Exchanges loaded:', [Exchange{Id: 0, Name: '', Status: ''}]
[1A[2KLOG: [36m'[Settings] Store selectedExchange emitted:', Exchange{Id: 0, Name: '', Status: ''}[39m
Chrome Headless 145.0.0.0 (Windows 10): Executed 166 of 209[32m SUCCESS[39m (0 secs / 1.164 secs)
LOG: '[Settings] Store selectedExchange emitted:', Exchange{Id: 0, Name: '', Status: ''}
[1A[2KLOG: [36m'[Settings] Attempting to map store exchange to list instance...'[39m
Chrome Headless 145.0.0.0 (Windows 10): Executed 166 of 209[32m SUCCESS[39m (0 secs / 1.164 secs)
LOG: '[Settings] Attempting to map store exchange to list instance...'
[1A[2KLOG: [36m'[Settings] Mapped to list instance:', Exchange{Id: 0, Name: '', Status: ''}[39m
Chrome Headless 145.0.0.0 (Windows 10): Executed 166 of 209[32m SUCCESS[39m (0 secs / 1.164 secs)
LOG: '[Settings] Mapped to list instance:', Exchange{Id: 0, Name: '', Status: ''}
[1A[2KLOG: [36m'[Settings] Dropdown selection set to:', Exchange{Id: 0, Name: '', Status: ''}[39m
Chrome Headless 145.0.0.0 (Windows 10): Executed 166 of 209[32m SUCCESS[39m (0 secs / 1.164 secs)
LOG: '[Settings] Dropdown selection set to:', Exchange{Id: 0, Name: '', Status: ''}
[1A[2KChrome Headless 145.0.0.0 (Windows 10): Executed 167 of 209[32m SUCCESS[39m (0 secs / 1.171 secs)
[1A[2KLOG: [36m'[Settings] Exchanges loaded:', [Exchange{Id: 0, Name: '', Status: ''}][39m
Chrome Headless 145.0.0.0 (Windows 10): Executed 167 of 209[32m SUCCESS[39m (0 secs / 1.171 secs)
LOG: '[Settings] Exchanges loaded:', [Exchange{Id: 0, Name: '', Status: ''}]
[1A[2KLOG: [36m'[Settings] Store selectedExchange emitted:', Exchange{Id: 0, Name: '', Status: ''}[39m
Chrome Headless 145.0.0.0 (Windows 10): Executed 167 of 209[32m SUCCESS[39m (0 secs / 1.171 secs)
LOG: '[Settings] Store selectedExchange emitted:', Exchange{Id: 0, Name: '', Status: ''}
[1A[2KLOG: [36m'[Settings] Attempting to map store exchange to list instance...'[39m
Chrome Headless 145.0.0.0 (Windows 10): Executed 167 of 209[32m SUCCESS[39m (0 secs / 1.171 secs)
LOG: '[Settings] Attempting to map store exchange to list instance...'
[1A[2KLOG: [36m'[Settings] Mapped to list instance:', Exchange{Id: 0, Name: '', Status: ''}[39m
Chrome Headless 145.0.0.0 (Windows 10): Executed 167 of 209[32m SUCCESS[39m (0 secs / 1.171 secs)
LOG: '[Settings] Mapped to list instance:', Exchange{Id: 0, Name: '', Status: ''}
[1A[2KLOG: [36m'[Settings] Dropdown selection set to:', Exchange{Id: 0, Name: '', Status: ''}[39m
Chrome Headless 145.0.0.0 (Windows 10): Executed 167 of 209[32m SUCCESS[39m (0 secs / 1.171 secs)
LOG: '[Settings] Dropdown selection set to:', Exchange{Id: 0, Name: '', Status: ''}
[1A[2KChrome Headless 145.0.0.0 (Windows 10): Executed 168 of 209[32m SUCCESS[39m (0 secs / 1.179 secs)
[1A[2KLOG: [36m'[Settings] Exchanges loaded:', [Exchange{Id: 0, Name: '', Status: ''}][39m
Chrome Headless 145.0.0.0 (Windows 10): Executed 168 of 209[32m SUCCESS[39m (0 secs / 1.179 secs)
LOG: '[Settings] Exchanges loaded:', [Exchange{Id: 0, Name: '', Status: ''}]
[1A[2KLOG: [36m'[Settings] Store selectedExchange emitted:', Exchange{Id: 0, Name: '', Status: ''}[39m
Chrome Headless 145.0.0.0 (Windows 10): Executed 168 of 209[32m SUCCESS[39m (0 secs / 1.179 secs)
LOG: '[Settings] Store selectedExchange emitted:', Exchange{Id: 0, Name: '', Status: ''}
[1A[2KLOG: [36m'[Settings] Attempting to map store exchange to list instance...'[39m
Chrome Headless 145.0.0.0 (Windows 10): Executed 168 of 209[32m SUCCESS[39m (0 secs / 1.179 secs)
LOG: '[Settings] Attempting to map store exchange to list instance...'
[1A[2KLOG: [36m'[Settings] Mapped to list instance:', Exchange{Id: 0, Name: '', Status: ''}[39m
Chrome Headless 145.0.0.0 (Windows 10): Executed 168 of 209[32m SUCCESS[39m (0 secs / 1.179 secs)
LOG: '[Settings] Mapped to list instance:', Exchange{Id: 0, Name: '', Status: ''}
[1A[2KLOG: [36m'[Settings] Dropdown selection set to:', Exchange{Id: 0, Name: '', Status: ''}[39m
Chrome Headless 145.0.0.0 (Windows 10): Executed 168 of 209[32m SUCCESS[39m (0 secs / 1.179 secs)
LOG: '[Settings] Dropdown selection set to:', Exchange{Id: 0, Name: '', Status: ''}
[1A[2KChrome Headless 145.0.0.0 (Windows 10): Executed 169 of 209[32m SUCCESS[39m (0 secs / 1.185 secs)
[1A[2KLOG: [36m'[Settings] Exchanges loaded:', [Exchange{Id: 0, Name: '', Status: ''}][39m
Chrome Headless 145.0.0.0 (Windows 10): Executed 169 of 209[32m SUCCESS[39m (0 secs / 1.185 secs)
LOG: '[Settings] Exchanges loaded:', [Exchange{Id: 0, Name: '', Status: ''}]
[1A[2KLOG: [36m'[Settings] Store selectedExchange emitted:', Exchange{Id: 0, Name: '', Status: ''}[39m
Chrome Headless 145.0.0.0 (Windows 10): Executed 169 of 209[32m SUCCESS[39m (0 secs / 1.185 secs)
LOG: '[Settings] Store selectedExchange emitted:', Exchange{Id: 0, Name: '', Status: ''}
[1A[2KLOG: [36m'[Settings] Attempting to map store exchange to list instance...'[39m
Chrome Headless 145.0.0.0 (Windows 10): Executed 169 of 209[32m SUCCESS[39m (0 secs / 1.185 secs)
LOG: '[Settings] Attempting to map store exchange to list instance...'
[1A[2KLOG: [36m'[Settings] Mapped to list instance:', Exchange{Id: 0, Name: '', Status: ''}[39m
Chrome Headless 145.0.0.0 (Windows 10): Executed 169 of 209[32m SUCCESS[39m (0 secs / 1.185 secs)
LOG: '[Settings] Mapped to list instance:', Exchange{Id: 0, Name: '', Status: ''}
[1A[2KLOG: [36m'[Settings] Dropdown selection set to:', Exchange{Id: 0, Name: '', Status: ''}[39m
Chrome Headless 145.0.0.0 (Windows 10): Executed 169 of 209[32m SUCCESS[39m (0 secs / 1.185 secs)
LOG: '[Settings] Dropdown selection set to:', Exchange{Id: 0, Name: '', Status: ''}
[1A[2KLOG: [36m'[Settings] Exchanges loaded:', [Exchange{Id: 0, Name: '', Status: ''}][39m
Chrome Headless 145.0.0.0 (Windows 10): Executed 169 of 209[32m SUCCESS[39m (0 secs / 1.185 secs)
LOG: '[Settings] Exchanges loaded:', [Exchange{Id: 0, Name: '', Status: ''}]
[1A[2KLOG: [36m'[Settings] Store selectedExchange emitted:', Exchange{Id: 0, Name: '', Status: ''}[39m
Chrome Headless 145.0.0.0 (Windows 10): Executed 169 of 209[32m SUCCESS[39m (0 secs / 1.185 secs)
LOG: '[Settings] Store selectedExchange emitted:', Exchange{Id: 0, Name: '', Status: ''}
[1A[2KLOG: [36m'[Settings] Attempting to map store exchange to list instance...'[39m
Chrome Headless 145.0.0.0 (Windows 10): Executed 169 of 209[32m SUCCESS[39m (0 secs / 1.185 secs)
LOG: '[Settings] Attempting to map store exchange to list instance...'
[1A[2KLOG: [36m'[Settings] Mapped to list instance:', Exchange{Id: 0, Name: '', Status: ''}[39m
Chrome Headless 145.0.0.0 (Windows 10): Executed 169 of 209[32m SUCCESS[39m (0 secs / 1.185 secs)
LOG: '[Settings] Mapped to list instance:', Exchange{Id: 0, Name: '', Status: ''}
[1A[2KLOG: [36m'[Settings] Dropdown selection set to:', Exchange{Id: 0, Name: '', Status: ''}[39m
Chrome Headless 145.0.0.0 (Windows 10): Executed 169 of 209[32m SUCCESS[39m (0 secs / 1.185 secs)
LOG: '[Settings] Dropdown selection set to:', Exchange{Id: 0, Name: '', Status: ''}
[1A[2KChrome Headless 145.0.0.0 (Windows 10): Executed 170 of 209[32m SUCCESS[39m (0 secs / 1.296 secs)
[1A[2KLOG: [36m'[Settings] Exchanges loaded:', [Exchange{Id: 0, Name: '', Status: ''}][39m
Chrome Headless 145.0.0.0 (Windows 10): Executed 170 of 209[32m SUCCESS[39m (0 secs / 1.296 secs)
LOG: '[Settings] Exchanges loaded:', [Exchange{Id: 0, Name: '', Status: ''}]
[1A[2KLOG: [36m'[Settings] Store selectedExchange emitted:', Exchange{Id: 0, Name: '', Status: ''}[39m
Chrome Headless 145.0.0.0 (Windows 10): Executed 170 of 209[32m SUCCESS[39m (0 secs / 1.296 secs)
LOG: '[Settings] Store selectedExchange emitted:', Exchange{Id: 0, Name: '', Status: ''}
[1A[2KLOG: [36m'[Settings] Attempting to map store exchange to list instance...'[39m
Chrome Headless 145.0.0.0 (Windows 10): Executed 170 of 209[32m SUCCESS[39m (0 secs / 1.296 secs)
LOG: '[Settings] Attempting to map store exchange to list instance...'
[1A[2KLOG: [36m'[Settings] Mapped to list instance:', Exchange{Id: 0, Name: '', Status: ''}[39m
Chrome Headless 145.0.0.0 (Windows 10): Executed 170 of 209[32m SUCCESS[39m (0 secs / 1.296 secs)
LOG: '[Settings] Mapped to list instance:', Exchange{Id: 0, Name: '', Status: ''}
[1A[2KLOG: [36m'[Settings] Dropdown selection set to:', Exchange{Id: 0, Name: '', Status: ''}[39m
Chrome Headless 145.0.0.0 (Windows 10): Executed 170 of 209[32m SUCCESS[39m (0 secs / 1.296 secs)
LOG: '[Settings] Dropdown selection set to:', Exchange{Id: 0, Name: '', Status: ''}
[1A[2KChrome Headless 145.0.0.0 (Windows 10): Executed 171 of 209[32m SUCCESS[39m (0 secs / 1.303 secs)
[1A[2KLOG: [36m'[Settings] Exchanges loaded:', [Exchange{Id: 0, Name: '', Status: ''}][39m
Chrome Headless 145.0.0.0 (Windows 10): Executed 171 of 209[32m SUCCESS[39m (0 secs / 1.303 secs)
LOG: '[Settings] Exchanges loaded:', [Exchange{Id: 0, Name: '', Status: ''}]
[1A[2KLOG: [36m'[Settings] Store selectedExchange emitted:', Exchange{Id: 0, Name: '', Status: ''}[39m
Chrome Headless 145.0.0.0 (Windows 10): Executed 171 of 209[32m SUCCESS[39m (0 secs / 1.303 secs)
LOG: '[Settings] Store selectedExchange emitted:', Exchange{Id: 0, Name: '', Status: ''}
[1A[2KLOG: [36m'[Settings] Attempting to map store exchange to list instance...'[39m
Chrome Headless 145.0.0.0 (Windows 10): Executed 171 of 209[32m SUCCESS[39m (0 secs / 1.303 secs)
LOG: '[Settings] Attempting to map store exchange to list instance...'
[1A[2KLOG: [36m'[Settings] Mapped to list instance:', Exchange{Id: 0, Name: '', Status: ''}[39m
Chrome Headless 145.0.0.0 (Windows 10): Executed 171 of 209[32m SUCCESS[39m (0 secs / 1.303 secs)
LOG: '[Settings] Mapped to list instance:', Exchange{Id: 0, Name: '', Status: ''}
[1A[2KLOG: [36m'[Settings] Dropdown selection set to:', Exchange{Id: 0, Name: '', Status: ''}[39m
Chrome Headless 145.0.0.0 (Windows 10): Executed 171 of 209[32m SUCCESS[39m (0 secs / 1.303 secs)
LOG: '[Settings] Dropdown selection set to:', Exchange{Id: 0, Name: '', Status: ''}
[1A[2KChrome Headless 145.0.0.0 (Windows 10): Executed 172 of 209[32m SUCCESS[39m (0 secs / 1.311 secs)
[1A[2KLOG: [36m'[Settings] Exchanges loaded:', [Exchange{Id: 0, Name: '', Status: ''}][39m
Chrome Headless 145.0.0.0 (Windows 10): Executed 172 of 209[32m SUCCESS[39m (0 secs / 1.311 secs)
LOG: '[Settings] Exchanges loaded:', [Exchange{Id: 0, Name: '', Status: ''}]
[1A[2KLOG: [36m'[Settings] Store selectedExchange emitted:', Exchange{Id: 0, Name: '', Status: ''}[39m
Chrome Headless 145.0.0.0 (Windows 10): Executed 172 of 209[32m SUCCESS[39m (0 secs / 1.311 secs)
LOG: '[Settings] Store selectedExchange emitted:', Exchange{Id: 0, Name: '', Status: ''}
[1A[2KLOG: [36m'[Settings] Attempting to map store exchange to list instance...'[39m
Chrome Headless 145.0.0.0 (Windows 10): Executed 172 of 209[32m SUCCESS[39m (0 secs / 1.311 secs)
LOG: '[Settings] Attempting to map store exchange to list instance...'
[1A[2KLOG: [36m'[Settings] Mapped to list instance:', Exchange{Id: 0, Name: '', Status: ''}[39m
Chrome Headless 145.0.0.0 (Windows 10): Executed 172 of 209[32m SUCCESS[39m (0 secs / 1.311 secs)
LOG: '[Settings] Mapped to list instance:', Exchange{Id: 0, Name: '', Status: ''}
[1A[2KLOG: [36m'[Settings] Dropdown selection set to:', Exchange{Id: 0, Name: '', Status: ''}[39m
Chrome Headless 145.0.0.0 (Windows 10): Executed 172 of 209[32m SUCCESS[39m (0 secs / 1.311 secs)
LOG: '[Settings] Dropdown selection set to:', Exchange{Id: 0, Name: '', Status: ''}
[1A[2KChrome Headless 145.0.0.0 (Windows 10): Executed 173 of 209[32m SUCCESS[39m (0 secs / 1.317 secs)
[1A[2KLOG: [36m'[Settings] Exchanges loaded:', [Exchange{Id: 0, Name: '', Status: ''}][39m
Chrome Headless 145.0.0.0 (Windows 10): Executed 173 of 209[32m SUCCESS[39m (0 secs / 1.317 secs)
LOG: '[Settings] Exchanges loaded:', [Exchange{Id: 0, Name: '', Status: ''}]
[1A[2KLOG: [36m'[Settings] Store selectedExchange emitted:', Exchange{Id: 0, Name: '', Status: ''}[39m
Chrome Headless 145.0.0.0 (Windows 10): Executed 173 of 209[32m SUCCESS[39m (0 secs / 1.317 secs)
LOG: '[Settings] Store selectedExchange emitted:', Exchange{Id: 0, Name: '', Status: ''}
[1A[2KLOG: [36m'[Settings] Attempting to map store exchange to list instance...'[39m
Chrome Headless 145.0.0.0 (Windows 10): Executed 173 of 209[32m SUCCESS[39m (0 secs / 1.317 secs)
LOG: '[Settings] Attempting to map store exchange to list instance...'
[1A[2KLOG: [36m'[Settings] Mapped to list instance:', Exchange{Id: 0, Name: '', Status: ''}[39m
Chrome Headless 145.0.0.0 (Windows 10): Executed 173 of 209[32m SUCCESS[39m (0 secs / 1.317 secs)
LOG: '[Settings] Mapped to list instance:', Exchange{Id: 0, Name: '', Status: ''}
[1A[2KLOG: [36m'[Settings] Dropdown selection set to:', Exchange{Id: 0, Name: '', Status: ''}[39m
Chrome Headless 145.0.0.0 (Windows 10): Executed 173 of 209[32m SUCCESS[39m (0 secs / 1.317 secs)
LOG: '[Settings] Dropdown selection set to:', Exchange{Id: 0, Name: '', Status: ''}
[1A[2KChrome Headless 145.0.0.0 (Windows 10): Executed 174 of 209[32m SUCCESS[39m (0 secs / 1.323 secs)
[1A[2KLOG: [36m'[Settings] Exchanges loaded:', [Exchange{Id: 0, Name: '', Status: ''}][39m
Chrome Headless 145.0.0.0 (Windows 10): Executed 174 of 209[32m SUCCESS[39m (0 secs / 1.323 secs)
LOG: '[Settings] Exchanges loaded:', [Exchange{Id: 0, Name: '', Status: ''}]
[1A[2KLOG: [36m'[Settings] Store selectedExchange emitted:', Exchange{Id: 0, Name: '', Status: ''}[39m
Chrome Headless 145.0.0.0 (Windows 10): Executed 174 of 209[32m SUCCESS[39m (0 secs / 1.323 secs)
LOG: '[Settings] Store selectedExchange emitted:', Exchange{Id: 0, Name: '', Status: ''}
[1A[2KLOG: [36m'[Settings] Attempting to map store exchange to list instance...'[39m
Chrome Headless 145.0.0.0 (Windows 10): Executed 174 of 209[32m SUCCESS[39m (0 secs / 1.323 secs)
LOG: '[Settings] Attempting to map store exchange to list instance...'
[1A[2KLOG: [36m'[Settings] Mapped to list instance:', Exchange{Id: 0, Name: '', Status: ''}[39m
Chrome Headless 145.0.0.0 (Windows 10): Executed 174 of 209[32m SUCCESS[39m (0 secs / 1.323 secs)
LOG: '[Settings] Mapped to list instance:', Exchange{Id: 0, Name: '', Status: ''}
[1A[2KLOG: [36m'[Settings] Dropdown selection set to:', Exchange{Id: 0, Name: '', Status: ''}[39m
Chrome Headless 145.0.0.0 (Windows 10): Executed 174 of 209[32m SUCCESS[39m (0 secs / 1.323 secs)
LOG: '[Settings] Dropdown selection set to:', Exchange{Id: 0, Name: '', Status: ''}
[1A[2KChrome Headless 145.0.0.0 (Windows 10): Executed 175 of 209[32m SUCCESS[39m (0 secs / 1.334 secs)
[1A[2KLOG: [36m'[Settings] Exchanges loaded:', [Exchange{Id: 0, Name: '', Status: ''}][39m
Chrome Headless 145.0.0.0 (Windows 10): Executed 175 of 209[32m SUCCESS[39m (0 secs / 1.334 secs)
LOG: '[Settings] Exchanges loaded:', [Exchange{Id: 0, Name: '', Status: ''}]
[1A[2KLOG: [36m'[Settings] Store selectedExchange emitted:', Exchange{Id: 0, Name: '', Status: ''}[39m
Chrome Headless 145.0.0.0 (Windows 10): Executed 175 of 209[32m SUCCESS[39m (0 secs / 1.334 secs)
LOG: '[Settings] Store selectedExchange emitted:', Exchange{Id: 0, Name: '', Status: ''}
[1A[2KLOG: [36m'[Settings] Attempting to map store exchange to list instance...'[39m
Chrome Headless 145.0.0.0 (Windows 10): Executed 175 of 209[32m SUCCESS[39m (0 secs / 1.334 secs)
LOG: '[Settings] Attempting to map store exchange to list instance...'
[1A[2KLOG: [36m'[Settings] Mapped to list instance:', Exchange{Id: 0, Name: '', Status: ''}[39m
Chrome Headless 145.0.0.0 (Windows 10): Executed 175 of 209[32m SUCCESS[39m (0 secs / 1.334 secs)
LOG: '[Settings] Mapped to list instance:', Exchange{Id: 0, Name: '', Status: ''}
[1A[2KLOG: [36m'[Settings] Dropdown selection set to:', Exchange{Id: 0, Name: '', Status: ''}[39m
Chrome Headless 145.0.0.0 (Windows 10): Executed 175 of 209[32m SUCCESS[39m (0 secs / 1.334 secs)
LOG: '[Settings] Dropdown selection set to:', Exchange{Id: 0, Name: '', Status: ''}
[1A[2KChrome Headless 145.0.0.0 (Windows 10): Executed 176 of 209[32m SUCCESS[39m (0 secs / 1.342 secs)
[1A[2KLOG: [36m'[Settings] Exchanges loaded:', [Exchange{Id: 0, Name: '', Status: ''}][39m
Chrome Headless 145.0.0.0 (Windows 10): Executed 176 of 209[32m SUCCESS[39m (0 secs / 1.342 secs)
LOG: '[Settings] Exchanges loaded:', [Exchange{Id: 0, Name: '', Status: ''}]
[1A[2KLOG: [36m'[Settings] Store selectedExchange emitted:', Exchange{Id: 0, Name: '', Status: ''}[39m
Chrome Headless 145.0.0.0 (Windows 10): Executed 176 of 209[32m SUCCESS[39m (0 secs / 1.342 secs)
LOG: '[Settings] Store selectedExchange emitted:', Exchange{Id: 0, Name: '', Status: ''}
[1A[2KLOG: [36m'[Settings] Attempting to map store exchange to list instance...'[39m
Chrome Headless 145.0.0.0 (Windows 10): Executed 176 of 209[32m SUCCESS[39m (0 secs / 1.342 secs)
LOG: '[Settings] Attempting to map store exchange to list instance...'
[1A[2KLOG: [36m'[Settings] Mapped to list instance:', Exchange{Id: 0, Name: '', Status: ''}[39m
Chrome Headless 145.0.0.0 (Windows 10): Executed 176 of 209[32m SUCCESS[39m (0 secs / 1.342 secs)
LOG: '[Settings] Mapped to list instance:', Exchange{Id: 0, Name: '', Status: ''}
[1A[2KLOG: [36m'[Settings] Dropdown selection set to:', Exchange{Id: 0, Name: '', Status: ''}[39m
Chrome Headless 145.0.0.0 (Windows 10): Executed 176 of 209[32m SUCCESS[39m (0 secs / 1.342 secs)
LOG: '[Settings] Dropdown selection set to:', Exchange{Id: 0, Name: '', Status: ''}
[1A[2KChrome Headless 145.0.0.0 (Windows 10): Executed 177 of 209[32m SUCCESS[39m (0 secs / 1.347 secs)
[1A[2KLOG: [36m'[Settings] Exchanges loaded:', [Exchange{Id: 0, Name: '', Status: ''}][39m
Chrome Headless 145.0.0.0 (Windows 10): Executed 177 of 209[32m SUCCESS[39m (0 secs / 1.347 secs)
LOG: '[Settings] Exchanges loaded:', [Exchange{Id: 0, Name: '', Status: ''}]
[1A[2KLOG: [36m'[Settings] Store selectedExchange emitted:', Exchange{Id: 0, Name: '', Status: ''}[39m
Chrome Headless 145.0.0.0 (Windows 10): Executed 177 of 209[32m SUCCESS[39m (0 secs / 1.347 secs)
LOG: '[Settings] Store selectedExchange emitted:', Exchange{Id: 0, Name: '', Status: ''}
[1A[2KLOG: [36m'[Settings] Attempting to map store exchange to list instance...'[39m
Chrome Headless 145.0.0.0 (Windows 10): Executed 177 of 209[32m SUCCESS[39m (0 secs / 1.347 secs)
LOG: '[Settings] Attempting to map store exchange to list instance...'
[1A[2KLOG: [36m'[Settings] Mapped to list instance:', Exchange{Id: 0, Name: '', Status: ''}[39m
Chrome Headless 145.0.0.0 (Windows 10): Executed 177 of 209[32m SUCCESS[39m (0 secs / 1.347 secs)
LOG: '[Settings] Mapped to list instance:', Exchange{Id: 0, Name: '', Status: ''}
[1A[2KLOG: [36m'[Settings] Dropdown selection set to:', Exchange{Id: 0, Name: '', Status: ''}[39m
Chrome Headless 145.0.0.0 (Windows 10): Executed 177 of 209[32m SUCCESS[39m (0 secs / 1.347 secs)
LOG: '[Settings] Dropdown selection set to:', Exchange{Id: 0, Name: '', Status: ''}
[1A[2KChrome Headless 145.0.0.0 (Windows 10): Executed 178 of 209[32m SUCCESS[39m (0 secs / 1.354 secs)
[1A[2KLOG: [36m'[Settings] Exchanges loaded:', [Exchange{Id: 0, Name: '', Status: ''}][39m
Chrome Headless 145.0.0.0 (Windows 10): Executed 178 of 209[32m SUCCESS[39m (0 secs / 1.354 secs)
LOG: '[Settings] Exchanges loaded:', [Exchange{Id: 0, Name: '', Status: ''}]
[1A[2KLOG: [36m'[Settings] Store selectedExchange emitted:', Exchange{Id: 0, Name: '', Status: ''}[39m
Chrome Headless 145.0.0.0 (Windows 10): Executed 178 of 209[32m SUCCESS[39m (0 secs / 1.354 secs)
LOG: '[Settings] Store selectedExchange emitted:', Exchange{Id: 0, Name: '', Status: ''}
[1A[2KLOG: [36m'[Settings] Attempting to map store exchange to list instance...'[39m
Chrome Headless 145.0.0.0 (Windows 10): Executed 178 of 209[32m SUCCESS[39m (0 secs / 1.354 secs)
LOG: '[Settings] Attempting to map store exchange to list instance...'
[1A[2KLOG: [36m'[Settings] Mapped to list instance:', Exchange{Id: 0, Name: '', Status: ''}[39m
Chrome Headless 145.0.0.0 (Windows 10): Executed 178 of 209[32m SUCCESS[39m (0 secs / 1.354 secs)
LOG: '[Settings] Mapped to list instance:', Exchange{Id: 0, Name: '', Status: ''}
[1A[2KLOG: [36m'[Settings] Dropdown selection set to:', Exchange{Id: 0, Name: '', Status: ''}[39m
Chrome Headless 145.0.0.0 (Windows 10): Executed 178 of 209[32m SUCCESS[39m (0 secs / 1.354 secs)
LOG: '[Settings] Dropdown selection set to:', Exchange{Id: 0, Name: '', Status: ''}
[1A[2KChrome Headless 145.0.0.0 (Windows 10): Executed 179 of 209[32m SUCCESS[39m (0 secs / 1.36 secs)
[1A[2KLOG: [36m'[Settings] Exchanges loaded:', [Exchange{Id: 0, Name: '', Status: ''}][39m
Chrome Headless 145.0.0.0 (Windows 10): Executed 179 of 209[32m SUCCESS[39m (0 secs / 1.36 secs)
LOG: '[Settings] Exchanges loaded:', [Exchange{Id: 0, Name: '', Status: ''}]
[1A[2KLOG: [36m'[Settings] Store selectedExchange emitted:', Exchange{Id: 0, Name: '', Status: ''}[39m
Chrome Headless 145.0.0.0 (Windows 10): Executed 179 of 209[32m SUCCESS[39m (0 secs / 1.36 secs)
LOG: '[Settings] Store selectedExchange emitted:', Exchange{Id: 0, Name: '', Status: ''}
[1A[2KLOG: [36m'[Settings] Attempting to map store exchange to list instance...'[39m
Chrome Headless 145.0.0.0 (Windows 10): Executed 179 of 209[32m SUCCESS[39m (0 secs / 1.36 secs)
LOG: '[Settings] Attempting to map store exchange to list instance...'
[1A[2KLOG: [36m'[Settings] Mapped to list instance:', Exchange{Id: 0, Name: '', Status: ''}[39m
Chrome Headless 145.0.0.0 (Windows 10): Executed 179 of 209[32m SUCCESS[39m (0 secs / 1.36 secs)
LOG: '[Settings] Mapped to list instance:', Exchange{Id: 0, Name: '', Status: ''}
[1A[2KLOG: [36m'[Settings] Dropdown selection set to:', Exchange{Id: 0, Name: '', Status: ''}[39m
Chrome Headless 145.0.0.0 (Windows 10): Executed 179 of 209[32m SUCCESS[39m (0 secs / 1.36 secs)
LOG: '[Settings] Dropdown selection set to:', Exchange{Id: 0, Name: '', Status: ''}
[1A[2KChrome Headless 145.0.0.0 (Windows 10): Executed 180 of 209[32m SUCCESS[39m (0 secs / 1.367 secs)
[1A[2KLOG: [36m'[Settings] Exchanges loaded:', [Exchange{Id: 0, Name: '', Status: ''}][39m
Chrome Headless 145.0.0.0 (Windows 10): Executed 180 of 209[32m SUCCESS[39m (0 secs / 1.367 secs)
LOG: '[Settings] Exchanges loaded:', [Exchange{Id: 0, Name: '', Status: ''}]
[1A[2KLOG: [36m'[Settings] Store selectedExchange emitted:', Exchange{Id: 0, Name: '', Status: ''}[39m
Chrome Headless 145.0.0.0 (Windows 10): Executed 180 of 209[32m SUCCESS[39m (0 secs / 1.367 secs)
LOG: '[Settings] Store selectedExchange emitted:', Exchange{Id: 0, Name: '', Status: ''}
[1A[2KLOG: [36m'[Settings] Attempting to map store exchange to list instance...'[39m
Chrome Headless 145.0.0.0 (Windows 10): Executed 180 of 209[32m SUCCESS[39m (0 secs / 1.367 secs)
LOG: '[Settings] Attempting to map store exchange to list instance...'
[1A[2KLOG: [36m'[Settings] Mapped to list instance:', Exchange{Id: 0, Name: '', Status: ''}[39m
Chrome Headless 145.0.0.0 (Windows 10): Executed 180 of 209[32m SUCCESS[39m (0 secs / 1.367 secs)
LOG: '[Settings] Mapped to list instance:', Exchange{Id: 0, Name: '', Status: ''}
[1A[2KLOG: [36m'[Settings] Dropdown selection set to:', Exchange{Id: 0, Name: '', Status: ''}[39m
Chrome Headless 145.0.0.0 (Windows 10): Executed 180 of 209[32m SUCCESS[39m (0 secs / 1.367 secs)
LOG: '[Settings] Dropdown selection set to:', Exchange{Id: 0, Name: '', Status: ''}
[1A[2KChrome Headless 145.0.0.0 (Windows 10): Executed 181 of 209[32m SUCCESS[39m (0 secs / 1.377 secs)
[1A[2KLOG: [36m'[Settings] Exchanges loaded:', [Exchange{Id: 0, Name: '', Status: ''}][39m
Chrome Headless 145.0.0.0 (Windows 10): Executed 181 of 209[32m SUCCESS[39m (0 secs / 1.377 secs)
LOG: '[Settings] Exchanges loaded:', [Exchange{Id: 0, Name: '', Status: ''}]
[1A[2KLOG: [36m'[Settings] Store selectedExchange emitted:', Exchange{Id: 0, Name: '', Status: ''}[39m
Chrome Headless 145.0.0.0 (Windows 10): Executed 181 of 209[32m SUCCESS[39m (0 secs / 1.377 secs)
LOG: '[Settings] Store selectedExchange emitted:', Exchange{Id: 0, Name: '', Status: ''}
[1A[2KLOG: [36m'[Settings] Attempting to map store exchange to list instance...'[39m
Chrome Headless 145.0.0.0 (Windows 10): Executed 181 of 209[32m SUCCESS[39m (0 secs / 1.377 secs)
LOG: '[Settings] Attempting to map store exchange to list instance...'
[1A[2KLOG: [36m'[Settings] Mapped to list instance:', Exchange{Id: 0, Name: '', Status: ''}[39m
Chrome Headless 145.0.0.0 (Windows 10): Executed 181 of 209[32m SUCCESS[39m (0 secs / 1.377 secs)
LOG: '[Settings] Mapped to list instance:', Exchange{Id: 0, Name: '', Status: ''}
[1A[2KLOG: [36m'[Settings] Dropdown selection set to:', Exchange{Id: 0, Name: '', Status: ''}[39m
Chrome Headless 145.0.0.0 (Windows 10): Executed 181 of 209[32m SUCCESS[39m (0 secs / 1.377 secs)
LOG: '[Settings] Dropdown selection set to:', Exchange{Id: 0, Name: '', Status: ''}
[1A[2KChrome Headless 145.0.0.0 (Windows 10): Executed 182 of 209[32m SUCCESS[39m (0 secs / 1.384 secs)
[1A[2KLOG: [36m'[Settings] Exchanges loaded:', [Exchange{Id: 0, Name: '', Status: ''}][39m
Chrome Headless 145.0.0.0 (Windows 10): Executed 182 of 209[32m SUCCESS[39m (0 secs / 1.384 secs)
LOG: '[Settings] Exchanges loaded:', [Exchange{Id: 0, Name: '', Status: ''}]
[1A[2KLOG: [36m'[Settings] Store selectedExchange emitted:', Exchange{Id: 0, Name: '', Status: ''}[39m
Chrome Headless 145.0.0.0 (Windows 10): Executed 182 of 209[32m SUCCESS[39m (0 secs / 1.384 secs)
LOG: '[Settings] Store selectedExchange emitted:', Exchange{Id: 0, Name: '', Status: ''}
[1A[2KLOG: [36m'[Settings] Attempting to map store exchange to list instance...'[39m
Chrome Headless 145.0.0.0 (Windows 10): Executed 182 of 209[32m SUCCESS[39m (0 secs / 1.384 secs)
LOG: '[Settings] Attempting to map store exchange to list instance...'
[1A[2KLOG: [36m'[Settings] Mapped to list instance:', Exchange{Id: 0, Name: '', Status: ''}[39m
Chrome Headless 145.0.0.0 (Windows 10): Executed 182 of 209[32m SUCCESS[39m (0 secs / 1.384 secs)
LOG: '[Settings] Mapped to list instance:', Exchange{Id: 0, Name: '', Status: ''}
[1A[2KLOG: [36m'[Settings] Dropdown selection set to:', Exchange{Id: 0, Name: '', Status: ''}[39m
Chrome Headless 145.0.0.0 (Windows 10): Executed 182 of 209[32m SUCCESS[39m (0 secs / 1.384 secs)
LOG: '[Settings] Dropdown selection set to:', Exchange{Id: 0, Name: '', Status: ''}
[1A[2KChrome Headless 145.0.0.0 (Windows 10): Executed 183 of 209[32m SUCCESS[39m (0 secs / 1.396 secs)
[1A[2KLOG: [36m'[Settings] Exchanges loaded:', [Exchange{Id: 0, Name: '', Status: ''}][39m
Chrome Headless 145.0.0.0 (Windows 10): Executed 183 of 209[32m SUCCESS[39m (0 secs / 1.396 secs)
LOG: '[Settings] Exchanges loaded:', [Exchange{Id: 0, Name: '', Status: ''}]
[1A[2KLOG: [36m'[Settings] Store selectedExchange emitted:', Exchange{Id: 0, Name: '', Status: ''}[39m
Chrome Headless 145.0.0.0 (Windows 10): Executed 183 of 209[32m SUCCESS[39m (0 secs / 1.396 secs)
LOG: '[Settings] Store selectedExchange emitted:', Exchange{Id: 0, Name: '', Status: ''}
[1A[2KLOG: [36m'[Settings] Attempting to map store exchange to list instance...'[39m
Chrome Headless 145.0.0.0 (Windows 10): Executed 183 of 209[32m SUCCESS[39m (0 secs / 1.396 secs)
LOG: '[Settings] Attempting to map store exchange to list instance...'
[1A[2KLOG: [36m'[Settings] Mapped to list instance:', Exchange{Id: 0, Name: '', Status: ''}[39m
Chrome Headless 145.0.0.0 (Windows 10): Executed 183 of 209[32m SUCCESS[39m (0 secs / 1.396 secs)
LOG: '[Settings] Mapped to list instance:', Exchange{Id: 0, Name: '', Status: ''}
[1A[2KLOG: [36m'[Settings] Dropdown selection set to:', Exchange{Id: 0, Name: '', Status: ''}[39m
Chrome Headless 145.0.0.0 (Windows 10): Executed 183 of 209[32m SUCCESS[39m (0 secs / 1.396 secs)
LOG: '[Settings] Dropdown selection set to:', Exchange{Id: 0, Name: '', Status: ''}
[1A[2KChrome Headless 145.0.0.0 (Windows 10): Executed 184 of 209[32m SUCCESS[39m (0 secs / 1.403 secs)
[1A[2KLOG: [36m'[Settings] Exchanges loaded:', [Exchange{Id: 0, Name: '', Status: ''}][39m
Chrome Headless 145.0.0.0 (Windows 10): Executed 184 of 209[32m SUCCESS[39m (0 secs / 1.403 secs)
LOG: '[Settings] Exchanges loaded:', [Exchange{Id: 0, Name: '', Status: ''}]
[1A[2KLOG: [36m'[Settings] Store selectedExchange emitted:', Exchange{Id: 0, Name: '', Status: ''}[39m
Chrome Headless 145.0.0.0 (Windows 10): Executed 184 of 209[32m SUCCESS[39m (0 secs / 1.403 secs)
LOG: '[Settings] Store selectedExchange emitted:', Exchange{Id: 0, Name: '', Status: ''}
[1A[2KLOG: [36m'[Settings] Attempting to map store exchange to list instance...'[39m
Chrome Headless 145.0.0.0 (Windows 10): Executed 184 of 209[32m SUCCESS[39m (0 secs / 1.403 secs)
LOG: '[Settings] Attempting to map store exchange to list instance...'
[1A[2KLOG: [36m'[Settings] Mapped to list instance:', Exchange{Id: 0, Name: '', Status: ''}[39m
Chrome Headless 145.0.0.0 (Windows 10): Executed 184 of 209[32m SUCCESS[39m (0 secs / 1.403 secs)
LOG: '[Settings] Mapped to list instance:', Exchange{Id: 0, Name: '', Status: ''}
[1A[2KLOG: [36m'[Settings] Dropdown selection set to:', Exchange{Id: 0, Name: '', Status: ''}[39m
Chrome Headless 145.0.0.0 (Windows 10): Executed 184 of 209[32m SUCCESS[39m (0 secs / 1.403 secs)
LOG: '[Settings] Dropdown selection set to:', Exchange{Id: 0, Name: '', Status: ''}
[1A[2KChrome Headless 145.0.0.0 (Windows 10): Executed 185 of 209[32m SUCCESS[39m (0 secs / 1.412 secs)
[1A[2KLOG: [36m'[Settings] Exchanges loaded:', [Exchange{Id: 0, Name: '', Status: ''}][39m
Chrome Headless 145.0.0.0 (Windows 10): Executed 185 of 209[32m SUCCESS[39m (0 secs / 1.412 secs)
LOG: '[Settings] Exchanges loaded:', [Exchange{Id: 0, Name: '', Status: ''}]
[1A[2KLOG: [36m'[Settings] Store selectedExchange emitted:', Exchange{Id: 0, Name: '', Status: ''}[39m
Chrome Headless 145.0.0.0 (Windows 10): Executed 185 of 209[32m SUCCESS[39m (0 secs / 1.412 secs)
LOG: '[Settings] Store selectedExchange emitted:', Exchange{Id: 0, Name: '', Status: ''}
[1A[2KLOG: [36m'[Settings] Attempting to map store exchange to list instance...'[39m
Chrome Headless 145.0.0.0 (Windows 10): Executed 185 of 209[32m SUCCESS[39m (0 secs / 1.412 secs)
LOG: '[Settings] Attempting to map store exchange to list instance...'
[1A[2KLOG: [36m'[Settings] Mapped to list instance:', Exchange{Id: 0, Name: '', Status: ''}[39m
Chrome Headless 145.0.0.0 (Windows 10): Executed 185 of 209[32m SUCCESS[39m (0 secs / 1.412 secs)
LOG: '[Settings] Mapped to list instance:', Exchange{Id: 0, Name: '', Status: ''}
[1A[2KLOG: [36m'[Settings] Dropdown selection set to:', Exchange{Id: 0, Name: '', Status: ''}[39m
Chrome Headless 145.0.0.0 (Windows 10): Executed 185 of 209[32m SUCCESS[39m (0 secs / 1.412 secs)
LOG: '[Settings] Dropdown selection set to:', Exchange{Id: 0, Name: '', Status: ''}
[1A[2KChrome Headless 145.0.0.0 (Windows 10): Executed 186 of 209[32m SUCCESS[39m (0 secs / 1.424 secs)
[1A[2KLOG: [36m'[Settings] Exchanges loaded:', [Exchange{Id: 0, Name: '', Status: ''}][39m
Chrome Headless 145.0.0.0 (Windows 10): Executed 186 of 209[32m SUCCESS[39m (0 secs / 1.424 secs)
LOG: '[Settings] Exchanges loaded:', [Exchange{Id: 0, Name: '', Status: ''}]
[1A[2KLOG: [36m'[Settings] Store selectedExchange emitted:', Exchange{Id: 0, Name: '', Status: ''}[39m
Chrome Headless 145.0.0.0 (Windows 10): Executed 186 of 209[32m SUCCESS[39m (0 secs / 1.424 secs)
LOG: '[Settings] Store selectedExchange emitted:', Exchange{Id: 0, Name: '', Status: ''}
[1A[2KLOG: [36m'[Settings] Attempting to map store exchange to list instance...'[39m
Chrome Headless 145.0.0.0 (Windows 10): Executed 186 of 209[32m SUCCESS[39m (0 secs / 1.424 secs)
LOG: '[Settings] Attempting to map store exchange to list instance...'
[1A[2KLOG: [36m'[Settings] Mapped to list instance:', Exchange{Id: 0, Name: '', Status: ''}[39m
Chrome Headless 145.0.0.0 (Windows 10): Executed 186 of 209[32m SUCCESS[39m (0 secs / 1.424 secs)
LOG: '[Settings] Mapped to list instance:', Exchange{Id: 0, Name: '', Status: ''}
[1A[2KLOG: [36m'[Settings] Dropdown selection set to:', Exchange{Id: 0, Name: '', Status: ''}[39m
Chrome Headless 145.0.0.0 (Windows 10): Executed 186 of 209[32m SUCCESS[39m (0 secs / 1.424 secs)
LOG: '[Settings] Dropdown selection set to:', Exchange{Id: 0, Name: '', Status: ''}
[1A[2KChrome Headless 145.0.0.0 (Windows 10): Executed 187 of 209[32m SUCCESS[39m (0 secs / 1.432 secs)
[1A[2KLOG: [36m'[Settings] Exchanges loaded:', [Exchange{Id: 0, Name: '', Status: ''}][39m
Chrome Headless 145.0.0.0 (Windows 10): Executed 187 of 209[32m SUCCESS[39m (0 secs / 1.432 secs)
LOG: '[Settings] Exchanges loaded:', [Exchange{Id: 0, Name: '', Status: ''}]
[1A[2KLOG: [36m'[Settings] Store selectedExchange emitted:', Exchange{Id: 0, Name: '', Status: ''}[39m
Chrome Headless 145.0.0.0 (Windows 10): Executed 187 of 209[32m SUCCESS[39m (0 secs / 1.432 secs)
LOG: '[Settings] Store selectedExchange emitted:', Exchange{Id: 0, Name: '', Status: ''}
[1A[2KLOG: [36m'[Settings] Attempting to map store exchange to list instance...'[39m
Chrome Headless 145.0.0.0 (Windows 10): Executed 187 of 209[32m SUCCESS[39m (0 secs / 1.432 secs)
LOG: '[Settings] Attempting to map store exchange to list instance...'
[1A[2KLOG: [36m'[Settings] Mapped to list instance:', Exchange{Id: 0, Name: '', Status: ''}[39m
Chrome Headless 145.0.0.0 (Windows 10): Executed 187 of 209[32m SUCCESS[39m (0 secs / 1.432 secs)
LOG: '[Settings] Mapped to list instance:', Exchange{Id: 0, Name: '', Status: ''}
[1A[2KLOG: [36m'[Settings] Dropdown selection set to:', Exchange{Id: 0, Name: '', Status: ''}[39m
Chrome Headless 145.0.0.0 (Windows 10): Executed 187 of 209[32m SUCCESS[39m (0 secs / 1.432 secs)
LOG: '[Settings] Dropdown selection set to:', Exchange{Id: 0, Name: '', Status: ''}
[1A[2KChrome Headless 145.0.0.0 (Windows 10): Executed 188 of 209[32m SUCCESS[39m (0 secs / 1.441 secs)
[1A[2KLOG: [36m'[Settings] Exchanges loaded:', [Exchange{Id: 0, Name: '', Status: ''}][39m
Chrome Headless 145.0.0.0 (Windows 10): Executed 188 of 209[32m SUCCESS[39m (0 secs / 1.441 secs)
LOG: '[Settings] Exchanges loaded:', [Exchange{Id: 0, Name: '', Status: ''}]
[1A[2KLOG: [36m'[Settings] Store selectedExchange emitted:', Exchange{Id: 0, Name: '', Status: ''}[39m
Chrome Headless 145.0.0.0 (Windows 10): Executed 188 of 209[32m SUCCESS[39m (0 secs / 1.441 secs)
LOG: '[Settings] Store selectedExchange emitted:', Exchange{Id: 0, Name: '', Status: ''}
[1A[2KLOG: [36m'[Settings] Attempting to map store exchange to list instance...'[39m
Chrome Headless 145.0.0.0 (Windows 10): Executed 188 of 209[32m SUCCESS[39m (0 secs / 1.441 secs)
LOG: '[Settings] Attempting to map store exchange to list instance...'
[1A[2KLOG: [36m'[Settings] Mapped to list instance:', Exchange{Id: 0, Name: '', Status: ''}[39m
Chrome Headless 145.0.0.0 (Windows 10): Executed 188 of 209[32m SUCCESS[39m (0 secs / 1.441 secs)
LOG: '[Settings] Mapped to list instance:', Exchange{Id: 0, Name: '', Status: ''}
[1A[2KLOG: [36m'[Settings] Dropdown selection set to:', Exchange{Id: 0, Name: '', Status: ''}[39m
Chrome Headless 145.0.0.0 (Windows 10): Executed 188 of 209[32m SUCCESS[39m (0 secs / 1.441 secs)
LOG: '[Settings] Dropdown selection set to:', Exchange{Id: 0, Name: '', Status: ''}
[1A[2KChrome Headless 145.0.0.0 (Windows 10): Executed 189 of 209[32m SUCCESS[39m (0 secs / 1.448 secs)
[1A[2KLOG: [36m'[Settings] Exchanges loaded:', [Exchange{Id: 0, Name: '', Status: ''}][39m
Chrome Headless 145.0.0.0 (Windows 10): Executed 189 of 209[32m SUCCESS[39m (0 secs / 1.448 secs)
LOG: '[Settings] Exchanges loaded:', [Exchange{Id: 0, Name: '', Status: ''}]
[1A[2KLOG: [36m'[Settings] Store selectedExchange emitted:', Exchange{Id: 0, Name: '', Status: ''}[39m
Chrome Headless 145.0.0.0 (Windows 10): Executed 189 of 209[32m SUCCESS[39m (0 secs / 1.448 secs)
LOG: '[Settings] Store selectedExchange emitted:', Exchange{Id: 0, Name: '', Status: ''}
[1A[2KLOG: [36m'[Settings] Attempting to map store exchange to list instance...'[39m
Chrome Headless 145.0.0.0 (Windows 10): Executed 189 of 209[32m SUCCESS[39m (0 secs / 1.448 secs)
LOG: '[Settings] Attempting to map store exchange to list instance...'
[1A[2KLOG: [36m'[Settings] Mapped to list instance:', Exchange{Id: 0, Name: '', Status: ''}[39m
Chrome Headless 145.0.0.0 (Windows 10): Executed 189 of 209[32m SUCCESS[39m (0 secs / 1.448 secs)
LOG: '[Settings] Mapped to list instance:', Exchange{Id: 0, Name: '', Status: ''}
[1A[2KLOG: [36m'[Settings] Dropdown selection set to:', Exchange{Id: 0, Name: '', Status: ''}[39m
Chrome Headless 145.0.0.0 (Windows 10): Executed 189 of 209[32m SUCCESS[39m (0 secs / 1.448 secs)
LOG: '[Settings] Dropdown selection set to:', Exchange{Id: 0, Name: '', Status: ''}
[1A[2KChrome Headless 145.0.0.0 (Windows 10): Executed 190 of 209[32m SUCCESS[39m (0 secs / 1.456 secs)
[1A[2KLOG: [36m'[Settings] Exchanges loaded:', [Exchange{Id: 0, Name: '', Status: ''}][39m
Chrome Headless 145.0.0.0 (Windows 10): Executed 190 of 209[32m SUCCESS[39m (0 secs / 1.456 secs)
LOG: '[Settings] Exchanges loaded:', [Exchange{Id: 0, Name: '', Status: ''}]
[1A[2KLOG: [36m'[Settings] Store selectedExchange emitted:', Exchange{Id: 0, Name: '', Status: ''}[39m
Chrome Headless 145.0.0.0 (Windows 10): Executed 190 of 209[32m SUCCESS[39m (0 secs / 1.456 secs)
LOG: '[Settings] Store selectedExchange emitted:', Exchange{Id: 0, Name: '', Status: ''}
[1A[2KLOG: [36m'[Settings] Attempting to map store exchange to list instance...'[39m
Chrome Headless 145.0.0.0 (Windows 10): Executed 190 of 209[32m SUCCESS[39m (0 secs / 1.456 secs)
LOG: '[Settings] Attempting to map store exchange to list instance...'
[1A[2KLOG: [36m'[Settings] Mapped to list instance:', Exchange{Id: 0, Name: '', Status: ''}[39m
Chrome Headless 145.0.0.0 (Windows 10): Executed 190 of 209[32m SUCCESS[39m (0 secs / 1.456 secs)
LOG: '[Settings] Mapped to list instance:', Exchange{Id: 0, Name: '', Status: ''}
[1A[2KLOG: [36m'[Settings] Dropdown selection set to:', Exchange{Id: 0, Name: '', Status: ''}[39m
Chrome Headless 145.0.0.0 (Windows 10): Executed 190 of 209[32m SUCCESS[39m (0 secs / 1.456 secs)
LOG: '[Settings] Dropdown selection set to:', Exchange{Id: 0, Name: '', Status: ''}
[1A[2KChrome Headless 145.0.0.0 (Windows 10): Executed 191 of 209[32m SUCCESS[39m (0 secs / 1.464 secs)
[1A[2KLOG: [36m'[Settings] Exchanges loaded:', [Exchange{Id: 0, Name: '', Status: ''}][39m
Chrome Headless 145.0.0.0 (Windows 10): Executed 191 of 209[32m SUCCESS[39m (0 secs / 1.464 secs)
LOG: '[Settings] Exchanges loaded:', [Exchange{Id: 0, Name: '', Status: ''}]
[1A[2KLOG: [36m'[Settings] Store selectedExchange emitted:', Exchange{Id: 0, Name: '', Status: ''}[39m
Chrome Headless 145.0.0.0 (Windows 10): Executed 191 of 209[32m SUCCESS[39m (0 secs / 1.464 secs)
LOG: '[Settings] Store selectedExchange emitted:', Exchange{Id: 0, Name: '', Status: ''}
[1A[2KLOG: [36m'[Settings] Attempting to map store exchange to list instance...'[39m
Chrome Headless 145.0.0.0 (Windows 10): Executed 191 of 209[32m SUCCESS[39m (0 secs / 1.464 secs)
LOG: '[Settings] Attempting to map store exchange to list instance...'
[1A[2KLOG: [36m'[Settings] Mapped to list instance:', Exchange{Id: 0, Name: '', Status: ''}[39m
Chrome Headless 145.0.0.0 (Windows 10): Executed 191 of 209[32m SUCCESS[39m (0 secs / 1.464 secs)
LOG: '[Settings] Mapped to list instance:', Exchange{Id: 0, Name: '', Status: ''}
[1A[2KLOG: [36m'[Settings] Dropdown selection set to:', Exchange{Id: 0, Name: '', Status: ''}[39m
Chrome Headless 145.0.0.0 (Windows 10): Executed 191 of 209[32m SUCCESS[39m (0 secs / 1.464 secs)
LOG: '[Settings] Dropdown selection set to:', Exchange{Id: 0, Name: '', Status: ''}
[1A[2KChrome Headless 145.0.0.0 (Windows 10): Executed 192 of 209[32m SUCCESS[39m (0 secs / 1.472 secs)
[1A[2KLOG: [36m'[Settings] Exchanges loaded:', [Exchange{Id: 0, Name: '', Status: ''}][39m
Chrome Headless 145.0.0.0 (Windows 10): Executed 192 of 209[32m SUCCESS[39m (0 secs / 1.472 secs)
LOG: '[Settings] Exchanges loaded:', [Exchange{Id: 0, Name: '', Status: ''}]
[1A[2KLOG: [36m'[Settings] Store selectedExchange emitted:', Exchange{Id: 0, Name: '', Status: ''}[39m
Chrome Headless 145.0.0.0 (Windows 10): Executed 192 of 209[32m SUCCESS[39m (0 secs / 1.472 secs)
LOG: '[Settings] Store selectedExchange emitted:', Exchange{Id: 0, Name: '', Status: ''}
[1A[2KLOG: [36m'[Settings] Attempting to map store exchange to list instance...'[39m
Chrome Headless 145.0.0.0 (Windows 10): Executed 192 of 209[32m SUCCESS[39m (0 secs / 1.472 secs)
LOG: '[Settings] Attempting to map store exchange to list instance...'
[1A[2KLOG: [36m'[Settings] Mapped to list instance:', Exchange{Id: 0, Name: '', Status: ''}[39m
Chrome Headless 145.0.0.0 (Windows 10): Executed 192 of 209[32m SUCCESS[39m (0 secs / 1.472 secs)
LOG: '[Settings] Mapped to list instance:', Exchange{Id: 0, Name: '', Status: ''}
[1A[2KLOG: [36m'[Settings] Dropdown selection set to:', Exchange{Id: 0, Name: '', Status: ''}[39m
Chrome Headless 145.0.0.0 (Windows 10): Executed 192 of 209[32m SUCCESS[39m (0 secs / 1.472 secs)
LOG: '[Settings] Dropdown selection set to:', Exchange{Id: 0, Name: '', Status: ''}
[1A[2KChrome Headless 145.0.0.0 (Windows 10): Executed 193 of 209[32m SUCCESS[39m (0 secs / 1.48 secs)
[1A[2KLOG: [36m'[Settings] Exchanges loaded:', [Exchange{Id: 0, Name: '', Status: ''}][39m
Chrome Headless 145.0.0.0 (Windows 10): Executed 193 of 209[32m SUCCESS[39m (0 secs / 1.48 secs)
LOG: '[Settings] Exchanges loaded:', [Exchange{Id: 0, Name: '', Status: ''}]
[1A[2KLOG: [36m'[Settings] Store selectedExchange emitted:', Exchange{Id: 0, Name: '', Status: ''}[39m
Chrome Headless 145.0.0.0 (Windows 10): Executed 193 of 209[32m SUCCESS[39m (0 secs / 1.48 secs)
LOG: '[Settings] Store selectedExchange emitted:', Exchange{Id: 0, Name: '', Status: ''}
[1A[2KLOG: [36m'[Settings] Attempting to map store exchange to list instance...'[39m
Chrome Headless 145.0.0.0 (Windows 10): Executed 193 of 209[32m SUCCESS[39m (0 secs / 1.48 secs)
LOG: '[Settings] Attempting to map store exchange to list instance...'
[1A[2KLOG: [36m'[Settings] Mapped to list instance:', Exchange{Id: 0, Name: '', Status: ''}[39m
Chrome Headless 145.0.0.0 (Windows 10): Executed 193 of 209[32m SUCCESS[39m (0 secs / 1.48 secs)
LOG: '[Settings] Mapped to list instance:', Exchange{Id: 0, Name: '', Status: ''}
[1A[2KLOG: [36m'[Settings] Dropdown selection set to:', Exchange{Id: 0, Name: '', Status: ''}[39m
Chrome Headless 145.0.0.0 (Windows 10): Executed 193 of 209[32m SUCCESS[39m (0 secs / 1.48 secs)
LOG: '[Settings] Dropdown selection set to:', Exchange{Id: 0, Name: '', Status: ''}
[1A[2KChrome Headless 145.0.0.0 (Windows 10): Executed 194 of 209[32m SUCCESS[39m (0 secs / 1.486 secs)
[1A[2KLOG: [36m'[Settings] Exchanges loaded:', [Exchange{Id: 0, Name: '', Status: ''}][39m
Chrome Headless 145.0.0.0 (Windows 10): Executed 194 of 209[32m SUCCESS[39m (0 secs / 1.486 secs)
LOG: '[Settings] Exchanges loaded:', [Exchange{Id: 0, Name: '', Status: ''}]
[1A[2KLOG: [36m'[Settings] Store selectedExchange emitted:', Exchange{Id: 0, Name: '', Status: ''}[39m
Chrome Headless 145.0.0.0 (Windows 10): Executed 194 of 209[32m SUCCESS[39m (0 secs / 1.486 secs)
LOG: '[Settings] Store selectedExchange emitted:', Exchange{Id: 0, Name: '', Status: ''}
[1A[2KLOG: [36m'[Settings] Attempting to map store exchange to list instance...'[39m
Chrome Headless 145.0.0.0 (Windows 10): Executed 194 of 209[32m SUCCESS[39m (0 secs / 1.486 secs)
LOG: '[Settings] Attempting to map store exchange to list instance...'
[1A[2KLOG: [36m'[Settings] Mapped to list instance:', Exchange{Id: 0, Name: '', Status: ''}[39m
Chrome Headless 145.0.0.0 (Windows 10): Executed 194 of 209[32m SUCCESS[39m (0 secs / 1.486 secs)
LOG: '[Settings] Mapped to list instance:', Exchange{Id: 0, Name: '', Status: ''}
[1A[2KLOG: [36m'[Settings] Dropdown selection set to:', Exchange{Id: 0, Name: '', Status: ''}[39m
Chrome Headless 145.0.0.0 (Windows 10): Executed 194 of 209[32m SUCCESS[39m (0 secs / 1.486 secs)
LOG: '[Settings] Dropdown selection set to:', Exchange{Id: 0, Name: '', Status: ''}
[1A[2KChrome Headless 145.0.0.0 (Windows 10): Executed 195 of 209[32m SUCCESS[39m (0 secs / 1.493 secs)
[1A[2KLOG: [36m'[Settings] Exchanges loaded:', [Exchange{Id: 0, Name: '', Status: ''}][39m
Chrome Headless 145.0.0.0 (Windows 10): Executed 195 of 209[32m SUCCESS[39m (0 secs / 1.493 secs)
LOG: '[Settings] Exchanges loaded:', [Exchange{Id: 0, Name: '', Status: ''}]
[1A[2KLOG: [36m'[Settings] Store selectedExchange emitted:', Exchange{Id: 0, Name: '', Status: ''}[39m
Chrome Headless 145.0.0.0 (Windows 10): Executed 195 of 209[32m SUCCESS[39m (0 secs / 1.493 secs)
LOG: '[Settings] Store selectedExchange emitted:', Exchange{Id: 0, Name: '', Status: ''}
[1A[2KLOG: [36m'[Settings] Attempting to map store exchange to list instance...'[39m
Chrome Headless 145.0.0.0 (Windows 10): Executed 195 of 209[32m SUCCESS[39m (0 secs / 1.493 secs)
LOG: '[Settings] Attempting to map store exchange to list instance...'
[1A[2KLOG: [36m'[Settings] Mapped to list instance:', Exchange{Id: 0, Name: '', Status: ''}[39m
Chrome Headless 145.0.0.0 (Windows 10): Executed 195 of 209[32m SUCCESS[39m (0 secs / 1.493 secs)
LOG: '[Settings] Mapped to list instance:', Exchange{Id: 0, Name: '', Status: ''}
[1A[2KLOG: [36m'[Settings] Dropdown selection set to:', Exchange{Id: 0, Name: '', Status: ''}[39m
Chrome Headless 145.0.0.0 (Windows 10): Executed 195 of 209[32m SUCCESS[39m (0 secs / 1.493 secs)
LOG: '[Settings] Dropdown selection set to:', Exchange{Id: 0, Name: '', Status: ''}
[1A[2KChrome Headless 145.0.0.0 (Windows 10): Executed 196 of 209[32m SUCCESS[39m (0 secs / 1.5 secs)
[1A[2KLOG: [36m'[Settings] Exchanges loaded:', [Exchange{Id: 0, Name: '', Status: ''}][39m
Chrome Headless 145.0.0.0 (Windows 10): Executed 196 of 209[32m SUCCESS[39m (0 secs / 1.5 secs)
LOG: '[Settings] Exchanges loaded:', [Exchange{Id: 0, Name: '', Status: ''}]
[1A[2KLOG: [36m'[Settings] Store selectedExchange emitted:', Exchange{Id: 0, Name: '', Status: ''}[39m
Chrome Headless 145.0.0.0 (Windows 10): Executed 196 of 209[32m SUCCESS[39m (0 secs / 1.5 secs)
LOG: '[Settings] Store selectedExchange emitted:', Exchange{Id: 0, Name: '', Status: ''}
[1A[2KLOG: [36m'[Settings] Attempting to map store exchange to list instance...'[39m
Chrome Headless 145.0.0.0 (Windows 10): Executed 196 of 209[32m SUCCESS[39m (0 secs / 1.5 secs)
LOG: '[Settings] Attempting to map store exchange to list instance...'
[1A[2KLOG: [36m'[Settings] Mapped to list instance:', Exchange{Id: 0, Name: '', Status: ''}[39m
Chrome Headless 145.0.0.0 (Windows 10): Executed 196 of 209[32m SUCCESS[39m (0 secs / 1.5 secs)
LOG: '[Settings] Mapped to list instance:', Exchange{Id: 0, Name: '', Status: ''}
[1A[2KLOG: [36m'[Settings] Dropdown selection set to:', Exchange{Id: 0, Name: '', Status: ''}[39m
Chrome Headless 145.0.0.0 (Windows 10): Executed 196 of 209[32m SUCCESS[39m (0 secs / 1.5 secs)
LOG: '[Settings] Dropdown selection set to:', Exchange{Id: 0, Name: '', Status: ''}
[1A[2KChrome Headless 145.0.0.0 (Windows 10): Executed 197 of 209[32m SUCCESS[39m (0 secs / 1.507 secs)
[1A[2KLOG: [36m'[Settings] Exchanges loaded:', [Exchange{Id: 0, Name: '', Status: ''}][39m
Chrome Headless 145.0.0.0 (Windows 10): Executed 197 of 209[32m SUCCESS[39m (0 secs / 1.507 secs)
LOG: '[Settings] Exchanges loaded:', [Exchange{Id: 0, Name: '', Status: ''}]
[1A[2KLOG: [36m'[Settings] Store selectedExchange emitted:', Exchange{Id: 0, Name: '', Status: ''}[39m
Chrome Headless 145.0.0.0 (Windows 10): Executed 197 of 209[32m SUCCESS[39m (0 secs / 1.507 secs)
LOG: '[Settings] Store selectedExchange emitted:', Exchange{Id: 0, Name: '', Status: ''}
[1A[2KLOG: [36m'[Settings] Attempting to map store exchange to list instance...'[39m
Chrome Headless 145.0.0.0 (Windows 10): Executed 197 of 209[32m SUCCESS[39m (0 secs / 1.507 secs)
LOG: '[Settings] Attempting to map store exchange to list instance...'
[1A[2KLOG: [36m'[Settings] Mapped to list instance:', Exchange{Id: 0, Name: '', Status: ''}[39m
Chrome Headless 145.0.0.0 (Windows 10): Executed 197 of 209[32m SUCCESS[39m (0 secs / 1.507 secs)
LOG: '[Settings] Mapped to list instance:', Exchange{Id: 0, Name: '', Status: ''}
[1A[2KLOG: [36m'[Settings] Dropdown selection set to:', Exchange{Id: 0, Name: '', Status: ''}[39m
Chrome Headless 145.0.0.0 (Windows 10): Executed 197 of 209[32m SUCCESS[39m (0 secs / 1.507 secs)
LOG: '[Settings] Dropdown selection set to:', Exchange{Id: 0, Name: '', Status: ''}
[1A[2KChrome Headless 145.0.0.0 (Windows 10): Executed 198 of 209[32m SUCCESS[39m (0 secs / 1.513 secs)
[1A[2KLOG: [36m'[Settings] Exchanges loaded:', [Exchange{Id: 0, Name: '', Status: ''}][39m
Chrome Headless 145.0.0.0 (Windows 10): Executed 198 of 209[32m SUCCESS[39m (0 secs / 1.513 secs)
LOG: '[Settings] Exchanges loaded:', [Exchange{Id: 0, Name: '', Status: ''}]
[1A[2KLOG: [36m'[Settings] Store selectedExchange emitted:', Exchange{Id: 0, Name: '', Status: ''}[39m
Chrome Headless 145.0.0.0 (Windows 10): Executed 198 of 209[32m SUCCESS[39m (0 secs / 1.513 secs)
LOG: '[Settings] Store selectedExchange emitted:', Exchange{Id: 0, Name: '', Status: ''}
[1A[2KLOG: [36m'[Settings] Attempting to map store exchange to list instance...'[39m
Chrome Headless 145.0.0.0 (Windows 10): Executed 198 of 209[32m SUCCESS[39m (0 secs / 1.513 secs)
LOG: '[Settings] Attempting to map store exchange to list instance...'
[1A[2KLOG: [36m'[Settings] Mapped to list instance:', Exchange{Id: 0, Name: '', Status: ''}[39m
Chrome Headless 145.0.0.0 (Windows 10): Executed 198 of 209[32m SUCCESS[39m (0 secs / 1.513 secs)
LOG: '[Settings] Mapped to list instance:', Exchange{Id: 0, Name: '', Status: ''}
[1A[2KLOG: [36m'[Settings] Dropdown selection set to:', Exchange{Id: 0, Name: '', Status: ''}[39m
Chrome Headless 145.0.0.0 (Windows 10): Executed 198 of 209[32m SUCCESS[39m (0 secs / 1.513 secs)
LOG: '[Settings] Dropdown selection set to:', Exchange{Id: 0, Name: '', Status: ''}
[1A[2KChrome Headless 145.0.0.0 (Windows 10): Executed 199 of 209[32m SUCCESS[39m (0 secs / 1.52 secs)
[1A[2KLOG: [36m'[Settings] Exchanges loaded:', [Exchange{Id: 0, Name: '', Status: ''}][39m
Chrome Headless 145.0.0.0 (Windows 10): Executed 199 of 209[32m SUCCESS[39m (0 secs / 1.52 secs)
LOG: '[Settings] Exchanges loaded:', [Exchange{Id: 0, Name: '', Status: ''}]
[1A[2KLOG: [36m'[Settings] Store selectedExchange emitted:', Exchange{Id: 0, Name: '', Status: ''}[39m
Chrome Headless 145.0.0.0 (Windows 10): Executed 199 of 209[32m SUCCESS[39m (0 secs / 1.52 secs)
LOG: '[Settings] Store selectedExchange emitted:', Exchange{Id: 0, Name: '', Status: ''}
[1A[2KLOG: [36m'[Settings] Attempting to map store exchange to list instance...'[39m
Chrome Headless 145.0.0.0 (Windows 10): Executed 199 of 209[32m SUCCESS[39m (0 secs / 1.52 secs)
LOG: '[Settings] Attempting to map store exchange to list instance...'
[1A[2KLOG: [36m'[Settings] Mapped to list instance:', Exchange{Id: 0, Name: '', Status: ''}[39m
Chrome Headless 145.0.0.0 (Windows 10): Executed 199 of 209[32m SUCCESS[39m (0 secs / 1.52 secs)
LOG: '[Settings] Mapped to list instance:', Exchange{Id: 0, Name: '', Status: ''}
[1A[2KLOG: [36m'[Settings] Dropdown selection set to:', Exchange{Id: 0, Name: '', Status: ''}[39m
Chrome Headless 145.0.0.0 (Windows 10): Executed 199 of 209[32m SUCCESS[39m (0 secs / 1.52 secs)
LOG: '[Settings] Dropdown selection set to:', Exchange{Id: 0, Name: '', Status: ''}
[1A[2KChrome Headless 145.0.0.0 (Windows 10): Executed 200 of 209[32m SUCCESS[39m (0 secs / 1.526 secs)
[1A[2KLOG: [36m'[Settings] Exchanges loaded:', [Exchange{Id: 0, Name: '', Status: ''}][39m
Chrome Headless 145.0.0.0 (Windows 10): Executed 200 of 209[32m SUCCESS[39m (0 secs / 1.526 secs)
LOG: '[Settings] Exchanges loaded:', [Exchange{Id: 0, Name: '', Status: ''}]
[1A[2KLOG: [36m'[Settings] Store selectedExchange emitted:', Exchange{Id: 0, Name: '', Status: ''}[39m
Chrome Headless 145.0.0.0 (Windows 10): Executed 200 of 209[32m SUCCESS[39m (0 secs / 1.526 secs)
LOG: '[Settings] Store selectedExchange emitted:', Exchange{Id: 0, Name: '', Status: ''}
[1A[2KLOG: [36m'[Settings] Attempting to map store exchange to list instance...'[39m
Chrome Headless 145.0.0.0 (Windows 10): Executed 200 of 209[32m SUCCESS[39m (0 secs / 1.526 secs)
LOG: '[Settings] Attempting to map store exchange to list instance...'
[1A[2KLOG: [36m'[Settings] Mapped to list instance:', Exchange{Id: 0, Name: '', Status: ''}[39m
Chrome Headless 145.0.0.0 (Windows 10): Executed 200 of 209[32m SUCCESS[39m (0 secs / 1.526 secs)
LOG: '[Settings] Mapped to list instance:', Exchange{Id: 0, Name: '', Status: ''}
[1A[2KLOG: [36m'[Settings] Dropdown selection set to:', Exchange{Id: 0, Name: '', Status: ''}[39m
Chrome Headless 145.0.0.0 (Windows 10): Executed 200 of 209[32m SUCCESS[39m (0 secs / 1.526 secs)
LOG: '[Settings] Dropdown selection set to:', Exchange{Id: 0, Name: '', Status: ''}
[1A[2KChrome Headless 145.0.0.0 (Windows 10): Executed 201 of 209[32m SUCCESS[39m (0 secs / 1.532 secs)
[1A[2KLOG: [36m'[Settings] Exchanges loaded:', [Exchange{Id: 0, Name: '', Status: ''}][39m
Chrome Headless 145.0.0.0 (Windows 10): Executed 201 of 209[32m SUCCESS[39m (0 secs / 1.532 secs)
LOG: '[Settings] Exchanges loaded:', [Exchange{Id: 0, Name: '', Status: ''}]
[1A[2KLOG: [36m'[Settings] Store selectedExchange emitted:', Exchange{Id: 0, Name: '', Status: ''}[39m
Chrome Headless 145.0.0.0 (Windows 10): Executed 201 of 209[32m SUCCESS[39m (0 secs / 1.532 secs)
LOG: '[Settings] Store selectedExchange emitted:', Exchange{Id: 0, Name: '', Status: ''}
[1A[2KLOG: [36m'[Settings] Attempting to map store exchange to list instance...'[39m
Chrome Headless 145.0.0.0 (Windows 10): Executed 201 of 209[32m SUCCESS[39m (0 secs / 1.532 secs)
LOG: '[Settings] Attempting to map store exchange to list instance...'
[1A[2KLOG: [36m'[Settings] Mapped to list instance:', Exchange{Id: 0, Name: '', Status: ''}[39m
Chrome Headless 145.0.0.0 (Windows 10): Executed 201 of 209[32m SUCCESS[39m (0 secs / 1.532 secs)
LOG: '[Settings] Mapped to list instance:', Exchange{Id: 0, Name: '', Status: ''}
[1A[2KLOG: [36m'[Settings] Dropdown selection set to:', Exchange{Id: 0, Name: '', Status: ''}[39m
Chrome Headless 145.0.0.0 (Windows 10): Executed 201 of 209[32m SUCCESS[39m (0 secs / 1.532 secs)
LOG: '[Settings] Dropdown selection set to:', Exchange{Id: 0, Name: '', Status: ''}
[1A[2KChrome Headless 145.0.0.0 (Windows 10): Executed 202 of 209[32m SUCCESS[39m (0 secs / 1.538 secs)
[1A[2KDEBUG: [36m'[watchlist-matrix] Row 4H after mapping:', Object{timeframe: '4H', barsAgo: null}[39m
Chrome Headless 145.0.0.0 (Windows 10): Executed 202 of 209[32m SUCCESS[39m (0 secs / 1.538 secs)
DEBUG: '[watchlist-matrix] Row 4H after mapping:', Object{timeframe: '4H', barsAgo: null}
[1A[2KChrome Headless 145.0.0.0 (Windows 10): Executed 203 of 209[32m SUCCESS[39m (0 secs / 1.569 secs)
[1A[2KDEBUG: [36m'[watchlist-matrix] Row 4H after mapping:', Object{timeframe: '4H', barsAgo: null}[39m
Chrome Headless 145.0.0.0 (Windows 10): Executed 203 of 209[32m SUCCESS[39m (0 secs / 1.569 secs)
DEBUG: '[watchlist-matrix] Row 4H after mapping:', Object{timeframe: '4H', barsAgo: null}
[1A[2KChrome Headless 145.0.0.0 (Windows 10): Executed 204 of 209[32m SUCCESS[39m (0 secs / 1.573 secs)
[1A[2KChrome Headless 145.0.0.0 (Windows 10): Executed 205 of 209[32m SUCCESS[39m (0 secs / 1.574 secs)
[1A[2KChrome Headless 145.0.0.0 (Windows 10): Executed 206 of 209[32m SUCCESS[39m (0 secs / 1.575 secs)
[1A[2KChrome Headless 145.0.0.0 (Windows 10): Executed 207 of 209[32m SUCCESS[39m (0 secs / 1.593 secs)
[1A[2KChrome Headless 145.0.0.0 (Windows 10): Executed 208 of 209[32m SUCCESS[39m (0 secs / 1.595 secs)
[1A[2KChrome Headless 145.0.0.0 (Windows 10): Executed 209 of 209[32m SUCCESS[39m (0 secs / 1.597 secs)
[1A[2KChrome Headless 145.0.0.0 (Windows 10): Executed 209 of 209[32m SUCCESS[39m (1.705 secs / 1.597 secs)
[32mTOTAL: 209 SUCCESS[39m
